<html>
<body>
<pre>
<h1>礦ision Build Log</h1>
<h2>Tool Versions:</h2>
IDE-Version: μVision V5.24.2.0
Copyright (C) 2017 ARM Ltd and ARM Germany GmbH. All rights reserved.
License Information: A AD, A, LIC=D0D7S-LG93Y-GK2BG-VLG4V-FB8K8-F6EFU
 
Tool Versions:
Toolchain:       MDK-ARM Plus  Version: 5.24.1
Toolchain Path:  F:\Keil5\ARM\ARMCC\Bin
C Compiler:      Armcc.exe V5.06 update 5 (build 528)
Assembler:       Armasm.exe V5.06 update 5 (build 528)
Linker/Locator:  ArmLink.exe V5.06 update 5 (build 528)
Library Manager: ArmAr.exe V5.06 update 5 (build 528)
Hex Converter:   FromElf.exe V5.06 update 5 (build 528)
CPU DLL:         SARMCM3.DLL V5.24.1
Dialog DLL:      DCM.DLL V1.16.0.0
Target DLL:      STLink\ST-LINKIII-KEIL_SWO.dll V3.0.1.0
Dialog DLL:      TCM.DLL V1.32.0.0
 
<h2>Project:</h2>
C:\Users\11848\Desktop\毕业设计\V2.0\stm32f103.uvprojx
Project File Date:  01/27/2026

<h2>Output:</h2>
*** Using Compiler 'V5.06 update 5 (build 528)', folder: 'F:\Keil5\ARM\ARMCC\Bin'
Rebuild target 'STM32F103'
assembling startup_stm32f10x_md.s...
compiling core_cm3.c...
compiling stm32f10x_dma.c...
compiling stm32f10x_exti.c...
compiling misc.c...
compiling usart.c...
compiling stm32f10x_rcc.c...
compiling led.c...
compiling key.c...
compiling delay.c...
compiling stm32f10x_usart.c...
compiling system_stm32f10x.c...
compiling stm32f10x_it.c...
compiling stm32f10x_adc.c...
compiling stm32f10x_gpio.c...
compiling dht11.c...
compiling stm32f10x_tim.c...
compiling OLED_Data.c...
compiling base64.c...
compiling hmac_sha1.c...
compiling OLED.c...
compiling MqttKit.c...
compiling ds18b20.c...
compiling AD.c...
compiling relay1.c...
compiling TDS.c...
compiling PWM.c...
compiling PH.c...
compiling beep.c...
compiling Servo.c...
compiling main.c...
user\main.c(98): warning:  #223-D: function "ESP8266_Init" declared implicitly
  	ESP8266_Init();					//初始化ESP8266
user\main.c: 1 warning, 0 errors
compiling onenet.c...
compiling esp8266.c...
compiling cJSON.c...
NET\CJSON\cJSON.c(56): warning:  #1293-D: assignment in condition
        if (!(copy = (char*)cJSON_malloc(len))) return 0;
NET\CJSON\cJSON.c(279): warning:  #1293-D: assignment in condition
  	ptr=str;while ((token=*ptr) && ++len) {if (strchr("\"\\\b\f\n\r\t",token)) len++; else if (token<32) len+=5;ptr++;}
NET\CJSON\cJSON.c(353): warning:  #111-D: statement is unreachable
  	return p.buffer;
NET\CJSON\cJSON.c(424): warning:  #1293-D: assignment in condition
  		if (!(new_item=cJSON_New_Item())) return 0; 	/* memory fail */
NET\CJSON\cJSON.c(536): warning:  #1293-D: assignment in condition
  		if (!(new_item=cJSON_New_Item()))	return 0; /* memory fail */
NET\CJSON\cJSON.c: 5 warnings, 0 errors
linking...
Program Size: Code=47248 RO-data=4188 RW-data=108 ZI-data=4164  
FromELF: creating hex file...
".\output\stm32f103.axf" - 0 Error(s), 6 Warning(s).

<h2>Software Packages used:</h2>

Package Vendor: ARM
                http://www.keil.com/pack/ARM.CMSIS.5.0.1.pack
                ARM.CMSIS.5.0.1
                CMSIS (Cortex Microcontroller Software Interface Standard)
   * Component: CORE Version: 5.0.1

Package Vendor: Keil
                http://www.keil.com/pack/Keil.STM32F1xx_DFP.2.2.0.pack
                Keil.STM32F1xx_DFP.2.2.0
                STMicroelectronics STM32F1 Series Device Support, Drivers and Examples

<h2>Collection of Component include folders:</h2>
  .\RTE\_STM32F103
  F:\Keil5\ARM\PACK\ARM\CMSIS\5.0.1\CMSIS\Include
  F:\Keil5\ARM\PACK\Keil\STM32F1xx_DFP\2.2.0\Device\Include

<h2>Collection of Component Files used:</h2>

   * Component: ARM::CMSIS:CORE:5.0.1
Build Time Elapsed:  00:00:03
</pre>
</body>
</html>
