Component: ARM Compiler 5.06 update 5 (build 528) Tool: armlink [4d35e2]

==============================================================================

Section Cross References

    stm32f10x_it.o(.text) refers to usart.o(.text) for UsartPrintf
    system_stm32f10x.o(.text) refers to system_stm32f10x.o(.data) for SystemCoreClock
    startup_stm32f10x_md.o(RESET) refers to startup_stm32f10x_md.o(STACK) for __initial_sp
    startup_stm32f10x_md.o(RESET) refers to startup_stm32f10x_md.o(.text) for Reset_Handler
    startup_stm32f10x_md.o(RESET) refers to stm32f10x_it.o(.text) for NMI_Handler
    startup_stm32f10x_md.o(RESET) refers to usart.o(.text) for USART1_IRQHandler
    startup_stm32f10x_md.o(RESET) refers to esp8266.o(.text) for USART2_IRQHandler
    startup_stm32f10x_md.o(RESET) refers to key.o(.text) for EXTI15_10_IRQHandler
    startup_stm32f10x_md.o(.text) refers to system_stm32f10x.o(.text) for SystemInit
    startup_stm32f10x_md.o(.text) refers to entry.o(.ARM.Collect$$$$00000000) for __main
    stm32f10x_gpio.o(.text) refers to stm32f10x_rcc.o(.text) for RCC_APB2PeriphResetCmd
    stm32f10x_rcc.o(.text) refers to stm32f10x_rcc.o(.data) for APBAHBPrescTable
    stm32f10x_usart.o(.text) refers to stm32f10x_rcc.o(.text) for RCC_APB2PeriphResetCmd
    stm32f10x_adc.o(.text) refers to stm32f10x_rcc.o(.text) for RCC_APB2PeriphResetCmd
    stm32f10x_tim.o(.text) refers to stm32f10x_rcc.o(.text) for RCC_APB2PeriphResetCmd
    delay.o(.text) refers to delay.o(.data) for UsCount
    usart.o(.text) refers to stm32f10x_rcc.o(.text) for RCC_APB2PeriphClockCmd
    usart.o(.text) refers to stm32f10x_gpio.o(.text) for GPIO_Init
    usart.o(.text) refers to stm32f10x_usart.o(.text) for USART_Init
    usart.o(.text) refers to misc.o(.text) for NVIC_Init
    usart.o(.text) refers to printfa.o(i.__0vsnprintf) for vsnprintf
    led.o(.text) refers to stm32f10x_gpio.o(.text) for GPIO_WriteBit
    led.o(.text) refers to stm32f10x_rcc.o(.text) for RCC_APB2PeriphClockCmd
    led.o(.text) refers to led.o(.data) for led_info
    key.o(.text) refers to stm32f10x_rcc.o(.text) for RCC_APB2PeriphClockCmd
    key.o(.text) refers to stm32f10x_gpio.o(.text) for GPIO_Init
    key.o(.text) refers to stm32f10x_exti.o(.text) for EXTI_Init
    key.o(.text) refers to misc.o(.text) for NVIC_Init
    key.o(.text) refers to delay.o(.text) for DelayXms
    key.o(.text) refers to relay1.o(.text) for Relay3_Set
    key.o(.text) refers to ffltui.o(.text) for __aeabi_ui2f
    key.o(.text) refers to servo.o(.text) for Servo_SetAngle
    key.o(.text) refers to relay1.o(.data) for relay3_info
    key.o(.text) refers to key.o(.data) for Angle
    dht11.o(.text) refers to stm32f10x_gpio.o(.text) for GPIO_Init
    dht11.o(.text) refers to delay.o(.text) for DelayMs
    dht11.o(.text) refers to stm32f10x_rcc.o(.text) for RCC_APB2PeriphClockCmd
    oled.o(.text) refers to stm32f10x_gpio.o(.text) for GPIO_WriteBit
    oled.o(.text) refers to stm32f10x_rcc.o(.text) for RCC_APB2PeriphClockCmd
    oled.o(.text) refers to dflti.o(.text) for __aeabi_i2d
    oled.o(.text) refers to atan2.o(i.atan2) for atan2
    oled.o(.text) refers to ddiv.o(.text) for __aeabi_ddiv
    oled.o(.text) refers to dmul.o(.text) for __aeabi_dmul
    oled.o(.text) refers to dfixi.o(.text) for __aeabi_d2iz
    oled.o(.text) refers to oled.o(.bss) for OLED_DisplayBuf
    oled.o(.text) refers to strcmp.o(.text) for strcmp
    oled.o(.text) refers to oled_data.o(.constdata) for OLED_F8x16
    oled.o(.text) refers to cdrcmple.o(.text) for __aeabi_cdrcmple
    oled.o(.text) refers to dfixui.o(.text) for __aeabi_d2uiz
    oled.o(.text) refers to dfltui.o(.text) for __aeabi_ui2d
    oled.o(.text) refers to dadd.o(.text) for __aeabi_drsub
    oled.o(.text) refers to round.o(i.round) for round
    oled.o(.text) refers to printfa.o(i.__0vsprintf) for vsprintf
    oled.o(.text) refers to d2f.o(.text) for __aeabi_d2f
    oled.o(.text) refers to cfcmple.o(.text) for __aeabi_cfcmple
    oled.o(.text) refers to fflti.o(.text) for __aeabi_i2f
    oled.o(.text) refers to fadd.o(.text) for __aeabi_fadd
    oled.o(.text) refers to cdcmple.o(.text) for __aeabi_cdcmple
    ds18b20.o(.text) refers to stm32f10x_rcc.o(.text) for RCC_APB2PeriphClockCmd
    ds18b20.o(.text) refers to stm32f10x_gpio.o(.text) for GPIO_Init
    ds18b20.o(.text) refers to delay.o(.text) for DelayUs
    ds18b20.o(.text) refers to fflti.o(.text) for __aeabi_i2f
    ds18b20.o(.text) refers to f2d.o(.text) for __aeabi_f2d
    ds18b20.o(.text) refers to dmul.o(.text) for __aeabi_dmul
    ds18b20.o(.text) refers to dfixi.o(.text) for __aeabi_d2iz
    relay1.o(.text) refers to stm32f10x_gpio.o(.text) for GPIO_WriteBit
    relay1.o(.text) refers to stm32f10x_rcc.o(.text) for RCC_APB2PeriphClockCmd
    relay1.o(.text) refers to relay1.o(.data) for relay3_info
    ad.o(.text) refers to stm32f10x_rcc.o(.text) for RCC_APB2PeriphClockCmd
[...]
    .data                                    0x20000028   Section        4  delay.o(.data)
    .data                                    0x2000002c   Section        1  key.o(.data)
    .data                                    0x2000002d   Section        3  relay1.o(.data)
    .data                                    0x20000030   Section        8  ad.o(.data)
    .data                                    0x20000038   Section        4  tds.o(.data)
    .data                                    0x2000003c   Section       14  main.o(.data)
    .data                                    0x2000004a   Section        6  onenet.o(.data)
    Heater_Status                            0x2000004a   Data           1  onenet.o(.data)
    Servo_Status                             0x2000004b   Data           1  onenet.o(.data)
    g_msg_id                                 0x2000004c   Data           2  onenet.o(.data)
    pkt_id                                   0x2000004e   Data           2  onenet.o(.data)
    .data                                    0x20000050   Section        4  esp8266.o(.data)
    .data                                    0x20000054   Section       12  cjson.o(.data)
    ep                                       0x20000054   Data           4  cjson.o(.data)
    cJSON_malloc                             0x20000058   Data           4  cjson.o(.data)
    cJSON_free                               0x2000005c   Data           4  cjson.o(.data)
    .data                                    0x20000060   Section        4  mvars.o(.data)
    .data                                    0x20000064   Section        4  mvars.o(.data)
    .data                                    0x20000068   Section        4  errno.o(.data)
    _errno                                   0x20000068   Data           4  errno.o(.data)
    .bss                                     0x2000006c   Section     1024  oled.o(.bss)
    .bss                                     0x2000046c   Section       64  onenet.o(.bss)
    .bss                                     0x200004ac   Section      512  esp8266.o(.bss)
    HEAP                                     0x200006b0   Section      512  startup_stm32f10x_md.o(HEAP)
    STACK                                    0x200008b0   Section     2048  startup_stm32f10x_md.o(STACK)

    Global Symbols

    Symbol Name                              Value     Ov Type        Size  Object(Section)

    BuildAttributes$$THM_ISAv4$P$D$K$B$S$PE$A:L22UL41UL21$X:L11$S22US41US21$IEEE1$IW$USESV6$~STKCKD$USESV7$~SHL$OTIME$ROPI$IEEEX$EBA8$MICROLIB$REQ8$PRES8$EABIv2 0x00000000   Number         0  anon$$obj.o ABSOLUTE
    __ARM_use_no_argv                        0x00000000   Number         0  main.o ABSOLUTE
    _printf_a                                0x00000000   Number         0  stubs.o ABSOLUTE
    _printf_c                                0x00000000   Number         0  stubs.o ABSOLUTE
    _printf_charcount                        0x00000000   Number         0  stubs.o ABSOLUTE
    _printf_d                                0x00000000   Number         0  stubs.o ABSOLUTE
    _printf_e                                0x00000000   Number         0  stubs.o ABSOLUTE
    _printf_f                                0x00000000   Number         0  stubs.o ABSOLUTE
    _printf_flags                            0x00000000   Number         0  stubs.o ABSOLUTE
    _printf_fp_dec                           0x00000000   Number         0  stubs.o ABSOLUTE
    _printf_fp_hex                           0x00000000   Number         0  stubs.o ABSOLUTE
    _printf_g                                0x00000000   Number         0  stubs.o ABSOLUTE
    _printf_i                                0x00000000   Number         0  stubs.o ABSOLUTE
    _printf_int_dec                          0x00000000   Number         0  stubs.o ABSOLUTE
    _printf_l                                0x00000000   Number         0  stubs.o ABSOLUTE
    _printf_lc                               0x00000000   Number         0  stubs.o ABSOLUTE
    _printf_ll                               0x00000000   Number         0  stubs.o ABSOLUTE
    _printf_lld                              0x00000000   Number         0  stubs.o ABSOLUTE
    _printf_lli                              0x00000000   Number         0  stubs.o ABSOLUTE
    _printf_llo                              0x00000000   Number         0  stubs.o ABSOLUTE
    _printf_llu                              0x00000000   Number         0  stubs.o ABSOLUTE
    _printf_llx                              0x00000000   Number         0  stubs.o ABSOLUTE
    _printf_longlong_dec                     0x00000000   Number         0  stubs.o ABSOLUTE
    _printf_longlong_hex                     0x00000000   Number         0  stubs.o ABSOLUTE
    _printf_longlong_oct                     0x00000000   Number         0  stubs.o ABSOLUTE
    _printf_ls                               0x00000000   Number         0  stubs.o ABSOLUTE
    _printf_mbtowc                           0x00000000   Number         0  stubs.o ABSOLUTE
    _printf_n                                0x00000000   Number         0  stubs.o ABSOLUTE
    _printf_o                                0x00000000   Number         0  stubs.o ABSOLUTE
    _printf_p                                0x00000000   Number         0  stubs.o ABSOLUTE
    _printf_percent                          0x00000000   Number         0  stubs.o ABSOLUTE
    _printf_pre_padding                      0x00000000   Number         0  stubs.o ABSOLUTE
    _printf_return_value                     0x00000000   Number         0  stubs.o ABSOLUTE
    _printf_s                                0x00000000   Number         0  stubs.o ABSOLUTE
    _printf_sizespec                         0x00000000   Number         0  stubs.o ABSOLUTE
    _printf_str                              0x00000000   Number         0  stubs.o ABSOLUTE
    _printf_truncate_signed                  0x00000000   Number         0  stubs.o ABSOLUTE
    _printf_truncate_unsigned                0x00000000   Number         0  stubs.o ABSOLUTE
    _printf_u                                0x00000000   Number         0  stubs.o ABSOLUTE
    _printf_wc                               0x00000000   Number         0  stubs.o ABSOLUTE
    _printf_wctomb                           0x00000000   Number         0  stubs.o ABSOLUTE
    _printf_widthprec                        0x00000000   Number         0  stubs.o ABSOLUTE
    _printf_x                                0x00000000   Number         0  stubs.o ABSOLUTE
    __cpp_initialize__aeabi_                  - Undefined Weak Reference
    __cxa_finalize                            - Undefined Weak Reference
    __decompress                              - Undefined Weak Reference
    _clock_init                               - Undefined Weak Reference
    _microlib_exit                            - Undefined Weak Reference
    _scanf_longlong                           - Undefined Weak Reference
    _scanf_real                               - Undefined Weak Reference
    __Vectors_Size                           0x000000ec   Number         0  startup_stm32f10x_md.o ABSOLUTE
    __Vectors                                0x08000000   Data           4  startup_stm32f10x_md.o(RESET)
    __Vectors_End                            0x080000ec   Data           0  startup_stm32f10x_md.o(RESET)
    __main                                   0x080000ed   Thumb Code     0  entry.o(.ARM.Collect$$$$00000000)
    _main_stk                                0x080000ed   Thumb Code     0  entry2.o(.ARM.Collect$$$$00000001)
    _main_scatterload                        0x080000f1   Thumb Code     0  entry5.o(.ARM.Collect$$$$00000004)
    __main_after_scatterload                 0x080000f5   Thumb Code     0  entry5.o(.ARM.Collect$$$$00000004)
    _main_clock                              0x080000f5   Thumb Code     0  entry7b.o(.ARM.Collect$$$$00000008)
    _main_cpp_init                           0x080000f5   Thumb Code     0  entry8b.o(.ARM.Collect$$$$0000000A)
    _main_init                               0x080000f5   Thumb Code     0  entry9a.o(.ARM.Collect$$$$0000000B)
    __rt_final_cpp                           0x080000fd   Thumb Code     0  entry10a.o(.ARM.Collect$$$$0000000D)
    __rt_final_exit                          0x080000fd   Thumb Code     0  entry11a.o(.ARM.Collect$$$$0000000F)
    NMI_Handler                              0x08000101   Thumb Code     2  stm32f10x_it.o(.text)
    HardFault_Handler                        0x08000103   Thumb Code    12  stm32f10x_it.o(.text)
    MemManage_Handler                        0x0800010f   Thumb Code    12  stm32f10x_it.o(.text)
    BusFault_Handler                         0x0800011b   Thumb Code    12  stm32f10x_it.o(.text)
    UsageFault_Handler                       0x08000127   Thumb Code    12  stm32f10x_it.o(.text)
    SVC_Handler                              0x08000133   Thumb Code     2  stm32f10x_it.o(.text)
    DebugMon_Handler                         0x08000135   Thumb Code     2  stm32f10x_it.o(.text)
    SysTick_Handler                          0x08000137   Thumb Code     2  stm32f10x_it.o(.text)
    EXTI0_IRQHandler                         0x08000139   Thumb Code     2  stm32f10x_it.o(.text)
    RTC_IRQHandler                           0x0800013b   Thumb Code     2  stm32f10x_it.o(.text)
    SystemInit                               0x08000313   Thumb Code    78  system_stm32f10x.o(.text)
    SystemCoreClockUpdate                    0x08000361   Thumb Code   142  system_stm32f10x.o(.text)
    Reset_Handler                            0x08000415   Thumb Code     8  startup_stm32f10x_md.o(.text)
    PendSV_Handler                           0x0800042b   Thumb Code     2  startup_stm32f10x_md.o(.text)
    ADC1_2_IRQHandler                        0x0800042f   Thumb Code     0  startup_stm32f10x_md.o(.text)
    CAN1_RX1_IRQHandler                      0x0800042f   Thumb Code     0  startup_stm32f10x_md.o(.text)
    CAN1_SCE_IRQHandler                      0x0800042f   Thumb Code     0  startup_stm32f10x_md.o(.text)
    DMA1_Channel1_IRQHandler                 0x0800042f   Thumb Code     0  startup_stm32f10x_md.o(.text)
    DMA1_Channel2_IRQHandler                 0x0800042f   Thumb Code     0  startup_stm32f10x_md.o(.text)
    DMA1_Channel3_IRQHandler                 0x0800042f   Thumb Code     0  startup_stm32f10x_md.o(.text)
    DMA1_Channel4_IRQHandler                 0x0800042f   Thumb Code     0  startup_stm32f10x_md.o(.text)
    DMA1_Channel5_IRQHandler                 0x0800042f   Thumb Code     0  startup_stm32f10x_md.o(.text)
    DMA1_Channel6_IRQHandler                 0x0800042f   Thumb Code     0  startup_stm32f10x_md.o(.text)
    DMA1_Channel7_IRQHandler                 0x0800042f   Thumb Code     0  startup_stm32f10x_md.o(.text)
    EXTI1_IRQHandler                         0x0800042f   Thumb Code     0  startup_stm32f10x_md.o(.text)
    EXTI2_IRQHandler                         0x0800042f   Thumb Code     0  startup_stm32f10x_md.o(.text)
    EXTI3_IRQHandler                         0x0800042f   Thumb Code     0  startup_stm32f10x_md.o(.text)
    EXTI4_IRQHandler                         0x0800042f   Thumb Code     0  startup_stm32f10x_md.o(.text)
    EXTI9_5_IRQHandler                       0x0800042f   Thumb Code     0  startup_stm32f10x_md.o(.text)
    FLASH_IRQHandler                         0x0800042f   Thumb Code     0  startup_stm32f10x_md.o(.text)
    I2C1_ER_IRQHandler                       0x0800042f   Thumb Code     0  startup_stm32f10x_md.o(.text)
    I2C1_EV_IRQHandler                       0x0800042f   Thumb Code     0  startup_stm32f10x_md.o(.text)
    I2C2_ER_IRQHandler                       0x0800042f   Thumb Code     0  startup_stm32f10x_md.o(.text)
    I2C2_EV_IRQHandler                       0x0800042f   Thumb Code     0  startup_stm32f10x_md.o(.text)
    PVD_IRQHandler                           0x0800042f   Thumb Code     0  startup_stm32f10x_md.o(.text)
    RCC_IRQHandler                           0x0800042f   Thumb Code     0  startup_stm32f10x_md.o(.text)
    RTCAlarm_IRQHandler                      0x0800042f   Thumb Code     0  startup_stm32f10x_md.o(.text)
    SPI1_IRQHandler                          0x0800042f   Thumb Code     0  startup_stm32f10x_md.o(.text)
    SPI2_IRQHandler                          0x0800042f   Thumb Code     0  startup_stm32f10x_md.o(.text)
    TAMPER_IRQHandler                        0x0800042f   Thumb Code     0  startup_stm32f10x_md.o(.text)
    TIM1_BRK_IRQHandler                      0x0800042f   Thumb Code     0  startup_stm32f10x_md.o(.text)
    TIM1_CC_IRQHandler                       0x0800042f   Thumb Code     0  startup_stm32f10x_md.o(.text)
    TIM1_TRG_COM_IRQHandler                  0x0800042f   Thumb Code     0  startup_stm32f10x_md.o(.text)
    TIM1_UP_IRQHandler                       0x0800042f   Thumb Code     0  startup_stm32f10x_md.o(.text)
    TIM2_IRQHandler                          0x0800042f   Thumb Code     0  startup_stm32f10x_md.o(.text)
    TIM3_IRQHandler                          0x0800042f   Thumb Code     0  startup_stm32f10x_md.o(.text)
    TIM4_IRQHandler                          0x0800042f   Thumb Code     0  startup_stm32f10x_md.o(.text)
    USART3_IRQHandler                        0x0800042f   Thumb Code     0  startup_stm32f10x_md.o(.text)
    USBWakeUp_IRQHandler                     0x0800042f   Thumb Code     0  startup_stm32f10x_md.o(.text)
    USB_HP_CAN1_TX_IRQHandler                0x0800042f   Thumb Code     0  startup_stm32f10x_md.o(.text)
    USB_LP_CAN1_RX0_IRQHandler               0x0800042f   Thumb Code     0  startup_stm32f10x_md.o(.text)
    WWDG_IRQHandler                          0x0800042f   Thumb Code     0  startup_stm32f10x_md.o(.text)
    NVIC_PriorityGroupConfig                 0x08000439   Thumb Code    10  misc.o(.text)
    NVIC_Init                                0x08000443   Thumb Code   100  misc.o(.text)
    NVIC_SetVectorTable                      0x080004a7   Thumb Code    14  misc.o(.text)
    NVIC_SystemLPConfig                      0x080004b5   Thumb Code    34  misc.o(.text)
    SysTick_CLKSourceConfig                  0x080004d7   Thumb Code    40  misc.o(.text)
    GPIO_DeInit                              0x08000515   Thumb Code   172  stm32f10x_gpio.o(.text)
    GPIO_AFIODeInit                          0x080005c1   Thumb Code    20  stm32f10x_gpio.o(.text)
    GPIO_Init                                0x080005d5   Thumb Code   278  stm32f10x_gpio.o(.text)
    GPIO_StructInit                          0x080006eb   Thumb Code    16  stm32f10x_gpio.o(.text)
    GPIO_ReadInputDataBit                    0x080006fb   Thumb Code    18  stm32f10x_gpio.o(.text)
    GPIO_ReadInputData                       0x0800070d   Thumb Code     8  stm32f10x_gpio.o(.text)
    GPIO_ReadOutputDataBit                   0x08000715   Thumb Code    18  stm32f10x_gpio.o(.text)
    GPIO_ReadOutputData                      0x08000727   Thumb Code     8  stm32f10x_gpio.o(.text)
    GPIO_SetBits                             0x0800072f   Thumb Code     4  stm32f10x_gpio.o(.text)
    GPIO_ResetBits                           0x08000733   Thumb Code     4  stm32f10x_gpio.o(.text)
    GPIO_WriteBit                            0x08000737   Thumb Code    10  stm32f10x_gpio.o(.text)
    GPIO_Write                               0x08000741   Thumb Code     4  stm32f10x_gpio.o(.text)
    GPIO_PinLockConfig                       0x08000745   Thumb Code    18  stm32f10x_gpio.o(.text)
    GPIO_EventOutputConfig                   0x08000757   Thumb Code    26  stm32f10x_gpio.o(.text)
    GPIO_EventOutputCmd                      0x08000771   Thumb Code     6  stm32f10x_gpio.o(.text)
    GPIO_PinRemapConfig                      0x08000777   Thumb Code   138  stm32f10x_gpio.o(.text)
    GPIO_EXTILineConfig                      0x08000801   Thumb Code    66  stm32f10x_gpio.o(.text)
    GPIO_ETH_MediaInterfaceConfig            0x08000843   Thumb Code     8  stm32f10x_gpio.o(.text)
    RCC_DeInit                               0x08000871   Thumb Code    64  stm32f10x_rcc.o(.text)
    RCC_HSEConfig                            0x080008b1   Thumb Code    70  stm32f10x_rcc.o(.text)
    RCC_GetFlagStatus                        0x080008f7   Thumb Code    56  stm32f10x_rcc.o(.text)
    RCC_WaitForHSEStartUp                    0x0800092f   Thumb Code    56  stm32f10x_rcc.o(.text)
    RCC_AdjustHSICalibrationValue            0x08000967   Thumb Code    20  stm32f10x_rcc.o(.text)
    RCC_HSICmd                               0x0800097b   Thumb Code     6  stm32f10x_rcc.o(.text)
    RCC_PLLConfig                            0x08000981   Thumb Code    24  stm32f10x_rcc.o(.text)
    RCC_PLLCmd                               0x08000999   Thumb Code     6  stm32f10x_rcc.o(.text)
    RCC_SYSCLKConfig                         0x0800099f   Thumb Code    18  stm32f10x_rcc.o(.text)
    RCC_GetSYSCLKSource                      0x080009b1   Thumb Code    10  stm32f10x_rcc.o(.text)
    RCC_HCLKConfig                           0x080009bb   Thumb Code    18  stm32f10x_rcc.o(.text)
    RCC_PCLK1Config                          0x080009cd   Thumb Code    18  stm32f10x_rcc.o(.text)
    RCC_PCLK2Config                          0x080009df   Thumb Code    20  stm32f10x_rcc.o(.text)
    RCC_ITConfig                             0x080009f3   Thumb Code    26  stm32f10x_rcc.o(.text)
    RCC_USBCLKConfig                         0x08000a0d   Thumb Code     8  stm32f10x_rcc.o(.text)
    RCC_ADCCLKConfig                         0x08000a15   Thumb Code    18  stm32f10x_rcc.o(.text)
    RCC_LSEConfig                            0x08000a27   Thumb Code    50  stm32f10x_rcc.o(.text)
    RCC_LSICmd                               0x08000a59   Thumb Code     6  stm32f10x_rcc.o(.text)
    RCC_RTCCLKConfig                         0x08000a5f   Thumb Code    12  stm32f10x_rcc.o(.text)
    RCC_RTCCLKCmd                            0x08000a6b   Thumb Code     8  stm32f10x_rcc.o(.text)
    RCC_GetClocksFreq                        0x08000a73   Thumb Code   192  stm32f10x_rcc.o(.text)
    RCC_AHBPeriphClockCmd                    0x08000b33   Thumb Code    26  stm32f10x_rcc.o(.text)
    RCC_APB2PeriphClockCmd                   0x08000b4d   Thumb Code    26  stm32f10x_rcc.o(.text)
    RCC_APB1PeriphClockCmd                   0x08000b67   Thumb Code    26  stm32f10x_rcc.o(.text)
    RCC_APB2PeriphResetCmd                   0x08000b81   Thumb Code    26  stm32f10x_rcc.o(.text)
    RCC_APB1PeriphResetCmd                   0x08000b9b   Thumb Code    26  stm32f10x_rcc.o(.text)
    RCC_BackupResetCmd                       0x08000bb5   Thumb Code     8  stm32f10x_rcc.o(.text)
    RCC_ClockSecuritySystemCmd               0x08000bbd   Thumb Code     6  stm32f10x_rcc.o(.text)
    RCC_MCOConfig                            0x08000bc3   Thumb Code     6  stm32f10x_rcc.o(.text)
    RCC_ClearFlag                            0x08000bc9   Thumb Code    14  stm32f10x_rcc.o(.text)
    RCC_GetITStatus                          0x08000bd7   Thumb Code    20  stm32f10x_rcc.o(.text)
    RCC_ClearITPendingBit                    0x08000beb   Thumb Code     6  stm32f10x_rcc.o(.text)
    USART_DeInit                             0x08000c15   Thumb Code   134  stm32f10x_usart.o(.text)
    USART_Init                               0x08000c9b   Thumb Code   210  stm32f10x_usart.o(.text)
    USART_StructInit                         0x08000d6d   Thumb Code    24  stm32f10x_usart.o(.text)
    USART_ClockInit                          0x08000d85   Thumb Code    34  stm32f10x_usart.o(.text)
    USART_ClockStructInit                    0x08000da7   Thumb Code    12  stm32f10x_usart.o(.text)
    USART_Cmd                                0x08000db3   Thumb Code    24  stm32f10x_usart.o(.text)
    USART_ITConfig                           0x08000dcb   Thumb Code    74  stm32f10x_usart.o(.text)
    USART_DMACmd                             0x08000e15   Thumb Code    18  stm32f10x_usart.o(.text)
    USART_SetAddress                         0x08000e27   Thumb Code    18  stm32f10x_usart.o(.text)
    USART_WakeUpConfig                       0x08000e39   Thumb Code    18  stm32f10x_usart.o(.text)
    USART_ReceiverWakeUpCmd                  0x08000e4b   Thumb Code    24  stm32f10x_usart.o(.text)
    USART_LINBreakDetectLengthConfig         0x08000e63   Thumb Code    18  stm32f10x_usart.o(.text)
    USART_LINCmd                             0x08000e75   Thumb Code    24  stm32f10x_usart.o(.text)
    USART_SendData                           0x08000e8d   Thumb Code     8  stm32f10x_usart.o(.text)
    USART_ReceiveData                        0x08000e95   Thumb Code    10  stm32f10x_usart.o(.text)
    USART_SendBreak                          0x08000e9f   Thumb Code    10  stm32f10x_usart.o(.text)
    USART_SetGuardTime                       0x08000ea9   Thumb Code    16  stm32f10x_usart.o(.text)
    USART_SetPrescaler                       0x08000eb9   Thumb Code    16  stm32f10x_usart.o(.text)
    USART_SmartCardCmd                       0x08000ec9   Thumb Code    24  stm32f10x_usart.o(.text)
    USART_SmartCardNACKCmd                   0x08000ee1   Thumb Code    24  stm32f10x_usart.o(.text)
    USART_HalfDuplexCmd                      0x08000ef9   Thumb Code    24  stm32f10x_usart.o(.text)
    USART_OverSampling8Cmd                   0x08000f11   Thumb Code    22  stm32f10x_usart.o(.text)
    USART_OneBitMethodCmd                    0x08000f27   Thumb Code    24  stm32f10x_usart.o(.text)
    USART_IrDAConfig                         0x08000f3f   Thumb Code    18  stm32f10x_usart.o(.text)
    USART_IrDACmd                            0x08000f51   Thumb Code    24  stm32f10x_usart.o(.text)
    USART_GetFlagStatus                      0x08000f69   Thumb Code    26  stm32f10x_usart.o(.text)
    USART_ClearFlag                          0x08000f83   Thumb Code    18  stm32f10x_usart.o(.text)
    USART_GetITStatus                        0x08000f95   Thumb Code    84  stm32f10x_usart.o(.text)
    USART_ClearITPendingBit                  0x08000fe9   Thumb Code    52  stm32f10x_usart.o(.text)
    EXTI_DeInit                              0x0800101d   Thumb Code    28  stm32f10x_exti.o(.text)
    EXTI_Init                                0x08001039   Thumb Code   142  stm32f10x_exti.o(.text)
    EXTI_StructInit                          0x080010c7   Thumb Code    16  stm32f10x_exti.o(.text)
    EXTI_GenerateSWInterrupt                 0x080010d7   Thumb Code    16  stm32f10x_exti.o(.text)
    EXTI_GetFlagStatus                       0x080010e7   Thumb Code    22  stm32f10x_exti.o(.text)
    EXTI_ClearFlag                           0x080010fd   Thumb Code     8  stm32f10x_exti.o(.text)
    EXTI_GetITStatus                         0x08001105   Thumb Code    34  stm32f10x_exti.o(.text)
    EXTI_ClearITPendingBit                   0x08001127   Thumb Code     8  stm32f10x_exti.o(.text)
    ADC_DeInit                               0x08001139   Thumb Code    78  stm32f10x_adc.o(.text)
    ADC_Init                                 0x08001187   Thumb Code    70  stm32f10x_adc.o(.text)
    ADC_StructInit                           0x080011cd   Thumb Code    18  stm32f10x_adc.o(.text)
    ADC_Cmd                                  0x080011df   Thumb Code    22  stm32f10x_adc.o(.text)
    ADC_DMACmd                               0x080011f5   Thumb Code    22  stm32f10x_adc.o(.text)
    ADC_ITConfig                             0x0800120b   Thumb Code    24  stm32f10x_adc.o(.text)
    ADC_ResetCalibration                     0x08001223   Thumb Code    10  stm32f10x_adc.o(.text)
    ADC_GetResetCalibrationStatus            0x0800122d   Thumb Code    20  stm32f10x_adc.o(.text)
    ADC_StartCalibration                     0x08001241   Thumb Code    10  stm32f10x_adc.o(.text)
    ADC_GetCalibrationStatus                 0x0800124b   Thumb Code    20  stm32f10x_adc.o(.text)
    ADC_SoftwareStartConvCmd                 0x0800125f   Thumb Code    22  stm32f10x_adc.o(.text)
    ADC_GetSoftwareStartConvStatus           0x08001275   Thumb Code    20  stm32f10x_adc.o(.text)
    ADC_DiscModeChannelCountConfig           0x08001289   Thumb Code    24  stm32f10x_adc.o(.text)
    ADC_DiscModeCmd                          0x080012a1   Thumb Code    22  stm32f10x_adc.o(.text)
    ADC_RegularChannelConfig                 0x080012b7   Thumb Code   184  stm32f10x_adc.o(.text)
    ADC_ExternalTrigConvCmd                  0x0800136f   Thumb Code    22  stm32f10x_adc.o(.text)
    ADC_GetConversionValue                   0x08001385   Thumb Code     8  stm32f10x_adc.o(.text)
    ADC_GetDualModeConversionValue           0x0800138d   Thumb Code     8  stm32f10x_adc.o(.text)
    ADC_AutoInjectedConvCmd                  0x08001395   Thumb Code    22  stm32f10x_adc.o(.text)
    ADC_InjectedDiscModeCmd                  0x080013ab   Thumb Code    22  stm32f10x_adc.o(.text)
    ADC_ExternalTrigInjectedConvConfig       0x080013c1   Thumb Code    16  stm32f10x_adc.o(.text)
    ADC_ExternalTrigInjectedConvCmd          0x080013d1   Thumb Code    22  stm32f10x_adc.o(.text)
    ADC_SoftwareStartInjectedConvCmd         0x080013e7   Thumb Code    22  stm32f10x_adc.o(.text)
    ADC_GetSoftwareStartInjectedConvCmdStatus 0x080013fd   Thumb Code    20  stm32f10x_adc.o(.text)
    ADC_InjectedChannelConfig                0x08001411   Thumb Code   130  stm32f10x_adc.o(.text)
    ADC_InjectedSequencerLengthConfig        0x08001493   Thumb Code    24  stm32f10x_adc.o(.text)
    ADC_SetInjectedOffset                    0x080014ab   Thumb Code    20  stm32f10x_adc.o(.text)
    ADC_GetInjectedConversionValue           0x080014bf   Thumb Code    28  stm32f10x_adc.o(.text)
    ADC_AnalogWatchdogCmd                    0x080014db   Thumb Code    16  stm32f10x_adc.o(.text)
    ADC_AnalogWatchdogThresholdsConfig       0x080014eb   Thumb Code     6  stm32f10x_adc.o(.text)
    ADC_AnalogWatchdogSingleChannelConfig    0x080014f1   Thumb Code    16  stm32f10x_adc.o(.text)
    ADC_TempSensorVrefintCmd                 0x08001501   Thumb Code    64  stm32f10x_adc.o(.text)
    ADC_GetFlagStatus                        0x08001541   Thumb Code    18  stm32f10x_adc.o(.text)
    ADC_ClearFlag                            0x08001553   Thumb Code     6  stm32f10x_adc.o(.text)
    ADC_GetITStatus                          0x08001559   Thumb Code    36  stm32f10x_adc.o(.text)
    ADC_ClearITPendingBit                    0x0800157d   Thumb Code    10  stm32f10x_adc.o(.text)
    DMA_DeInit                               0x08001589   Thumb Code   324  stm32f10x_dma.o(.text)
    DMA_Init                                 0x080016cd   Thumb Code    60  stm32f10x_dma.o(.text)
    DMA_StructInit                           0x08001709   Thumb Code    26  stm32f10x_dma.o(.text)
    DMA_Cmd                                  0x08001723   Thumb Code    24  stm32f10x_dma.o(.text)
    DMA_ITConfig                             0x0800173b   Thumb Code    18  stm32f10x_dma.o(.text)
    DMA_SetCurrDataCounter                   0x0800174d   Thumb Code     4  stm32f10x_dma.o(.text)
    DMA_GetCurrDataCounter                   0x08001751   Thumb Code     8  stm32f10x_dma.o(.text)
    DMA_GetFlagStatus                        0x08001759   Thumb Code    40  stm32f10x_dma.o(.text)
    DMA_ClearFlag                            0x08001781   Thumb Code    22  stm32f10x_dma.o(.text)
    DMA_GetITStatus                          0x08001797   Thumb Code    40  stm32f10x_dma.o(.text)
    DMA_ClearITPendingBit                    0x080017bf   Thumb Code    22  stm32f10x_dma.o(.text)
    TIM_DeInit                               0x080017dd   Thumb Code   424  stm32f10x_tim.o(.text)
    TIM_TimeBaseInit                         0x08001985   Thumb Code   122  stm32f10x_tim.o(.text)
    TIM_OC1Init                              0x080019ff   Thumb Code   132  stm32f10x_tim.o(.text)
    TIM_OC2Init                              0x08001a83   Thumb Code   154  stm32f10x_tim.o(.text)
    TIM_OC3Init                              0x08001b1d   Thumb Code   150  stm32f10x_tim.o(.text)
    TIM_OC4Init                              0x08001bb3   Thumb Code   182  stm32f10x_tim.o(.text)
    TIM_SetIC4Prescaler                      0x08001c69   Thumb Code    26  stm32f10x_tim.o(.text)
    TIM_SetIC3Prescaler                      0x08001d05   Thumb Code    18  stm32f10x_tim.o(.text)
    TIM_SetIC2Prescaler                      0x08001d91   Thumb Code    26  stm32f10x_tim.o(.text)
    TIM_SetIC1Prescaler                      0x08001e2d   Thumb Code    18  stm32f10x_tim.o(.text)
    TIM_ICInit                               0x08001eab   Thumb Code   150  stm32f10x_tim.o(.text)
    TIM_PWMIConfig                           0x08001f41   Thumb Code   124  stm32f10x_tim.o(.text)
    TIM_BDTRConfig                           0x08001fbd   Thumb Code    32  stm32f10x_tim.o(.text)
    TIM_TimeBaseStructInit                   0x08001fdd   Thumb Code    18  stm32f10x_tim.o(.text)
    TIM_OCStructInit                         0x08001fef   Thumb Code    20  stm32f10x_tim.o(.text)
    TIM_ICStructInit                         0x08002003   Thumb Code    18  stm32f10x_tim.o(.text)
    TIM_BDTRStructInit                       0x08002015   Thumb Code    40  stm32f10x_tim.o(.text)
    TIM_Cmd                                  0x0800203d   Thumb Code    24  stm32f10x_tim.o(.text)
    TIM_CtrlPWMOutputs                       0x08002055   Thumb Code    30  stm32f10x_tim.o(.text)
    TIM_ITConfig                             0x08002073   Thumb Code    18  stm32f10x_tim.o(.text)
    TIM_GenerateEvent                        0x08002085   Thumb Code     4  stm32f10x_tim.o(.text)
    TIM_DMAConfig                            0x08002089   Thumb Code    10  stm32f10x_tim.o(.text)
    TIM_DMACmd                               0x08002093   Thumb Code    18  stm32f10x_tim.o(.text)
    TIM_InternalClockConfig                  0x080020a5   Thumb Code    12  stm32f10x_tim.o(.text)
    TIM_SelectInputTrigger                   0x080020b1   Thumb Code    18  stm32f10x_tim.o(.text)
    TIM_ITRxExternalClockConfig              0x080020c3   Thumb Code    24  stm32f10x_tim.o(.text)
    TIM_TIxExternalClockConfig               0x080020db   Thumb Code    62  stm32f10x_tim.o(.text)
    TIM_ETRConfig                            0x08002119   Thumb Code    28  stm32f10x_tim.o(.text)
    TIM_ETRClockMode1Config                  0x08002135   Thumb Code    54  stm32f10x_tim.o(.text)
    TIM_ETRClockMode2Config                  0x0800216b   Thumb Code    32  stm32f10x_tim.o(.text)
    TIM_PrescalerConfig                      0x0800218b   Thumb Code     6  stm32f10x_tim.o(.text)
    TIM_CounterModeConfig                    0x08002191   Thumb Code    18  stm32f10x_tim.o(.text)
    TIM_EncoderInterfaceConfig               0x080021a3   Thumb Code    66  stm32f10x_tim.o(.text)
    TIM_ForcedOC1Config                      0x080021e5   Thumb Code    18  stm32f10x_tim.o(.text)
    TIM_ForcedOC2Config                      0x080021f7   Thumb Code    26  stm32f10x_tim.o(.text)
    TIM_ForcedOC3Config                      0x08002211   Thumb Code    18  stm32f10x_tim.o(.text)
    TIM_ForcedOC4Config                      0x08002223   Thumb Code    26  stm32f10x_tim.o(.text)
    TIM_ARRPreloadConfig                     0x0800223d   Thumb Code    24  stm32f10x_tim.o(.text)
    TIM_SelectCOM                            0x08002255   Thumb Code    24  stm32f10x_tim.o(.text)
    TIM_SelectCCDMA                          0x0800226d   Thumb Code    24  stm32f10x_tim.o(.text)
    TIM_CCPreloadControl                     0x08002285   Thumb Code    24  stm32f10x_tim.o(.text)
    TIM_OC1PreloadConfig                     0x0800229d   Thumb Code    18  stm32f10x_tim.o(.text)
    TIM_OC2PreloadConfig                     0x080022af   Thumb Code    26  stm32f10x_tim.o(.text)
    TIM_OC3PreloadConfig                     0x080022c9   Thumb Code    18  stm32f10x_tim.o(.text)
    TIM_OC4PreloadConfig                     0x080022db   Thumb Code    26  stm32f10x_tim.o(.text)
    TIM_OC1FastConfig                        0x080022f5   Thumb Code    18  stm32f10x_tim.o(.text)
    TIM_OC2FastConfig                        0x08002307   Thumb Code    26  stm32f10x_tim.o(.text)
    TIM_OC3FastConfig                        0x08002321   Thumb Code    18  stm32f10x_tim.o(.text)
    TIM_OC4FastConfig                        0x08002333   Thumb Code    26  stm32f10x_tim.o(.text)
    TIM_ClearOC1Ref                          0x0800234d   Thumb Code    18  stm32f10x_tim.o(.text)
    TIM_ClearOC2Ref                          0x0800235f   Thumb Code    24  stm32f10x_tim.o(.text)
    TIM_ClearOC3Ref                          0x08002377   Thumb Code    18  stm32f10x_tim.o(.text)
    TIM_ClearOC4Ref                          0x08002389   Thumb Code    24  stm32f10x_tim.o(.text)
    TIM_OC1PolarityConfig                    0x080023a1   Thumb Code    18  stm32f10x_tim.o(.text)
    TIM_OC1NPolarityConfig                   0x080023b3   Thumb Code    18  stm32f10x_tim.o(.text)
    TIM_OC2PolarityConfig                    0x080023c5   Thumb Code    26  stm32f10x_tim.o(.text)
    TIM_OC2NPolarityConfig                   0x080023df   Thumb Code    26  stm32f10x_tim.o(.text)
    TIM_OC3PolarityConfig                    0x080023f9   Thumb Code    26  stm32f10x_tim.o(.text)
    TIM_OC3NPolarityConfig                   0x08002413   Thumb Code    26  stm32f10x_tim.o(.text)
    TIM_OC4PolarityConfig                    0x0800242d   Thumb Code    26  stm32f10x_tim.o(.text)
    TIM_CCxCmd                               0x08002447   Thumb Code    30  stm32f10x_tim.o(.text)
    TIM_CCxNCmd                              0x08002465   Thumb Code    30  stm32f10x_tim.o(.text)
    TIM_SelectOCxM                           0x08002483   Thumb Code    82  stm32f10x_tim.o(.text)
    TIM_UpdateDisableConfig                  0x080024d5   Thumb Code    24  stm32f10x_tim.o(.text)
    TIM_UpdateRequestConfig                  0x080024ed   Thumb Code    24  stm32f10x_tim.o(.text)
    TIM_SelectHallSensor                     0x08002505   Thumb Code    24  stm32f10x_tim.o(.text)
    TIM_SelectOnePulseMode                   0x0800251d   Thumb Code    18  stm32f10x_tim.o(.text)
    TIM_SelectOutputTrigger                  0x0800252f   Thumb Code    18  stm32f10x_tim.o(.text)
    TIM_SelectSlaveMode                      0x08002541   Thumb Code    18  stm32f10x_tim.o(.text)
    TIM_SelectMasterSlaveMode                0x08002553   Thumb Code    18  stm32f10x_tim.o(.text)
    TIM_SetCounter                           0x08002565   Thumb Code     4  stm32f10x_tim.o(.text)
    TIM_SetAutoreload                        0x08002569   Thumb Code     4  stm32f10x_tim.o(.text)
    TIM_SetCompare1                          0x0800256d   Thumb Code     4  stm32f10x_tim.o(.text)
    TIM_SetCompare2                          0x08002571   Thumb Code     4  stm32f10x_tim.o(.text)
    TIM_SetCompare3                          0x08002575   Thumb Code     4  stm32f10x_tim.o(.text)
    TIM_SetCompare4                          0x08002579   Thumb Code     6  stm32f10x_tim.o(.text)
    TIM_SetClockDivision                     0x0800257f   Thumb Code    18  stm32f10x_tim.o(.text)
    TIM_GetCapture1                          0x08002591   Thumb Code     6  stm32f10x_tim.o(.text)
    TIM_GetCapture2                          0x08002597   Thumb Code     6  stm32f10x_tim.o(.text)
    TIM_GetCapture3                          0x0800259d   Thumb Code     6  stm32f10x_tim.o(.text)
    TIM_GetCapture4                          0x080025a3   Thumb Code     8  stm32f10x_tim.o(.text)
    TIM_GetCounter                           0x080025ab   Thumb Code     6  stm32f10x_tim.o(.text)
    TIM_GetPrescaler                         0x080025b1   Thumb Code     6  stm32f10x_tim.o(.text)
    TIM_GetFlagStatus                        0x080025b7   Thumb Code    18  stm32f10x_tim.o(.text)
    TIM_ClearFlag                            0x080025c9   Thumb Code     6  stm32f10x_tim.o(.text)
    TIM_GetITStatus                          0x080025cf   Thumb Code    34  stm32f10x_tim.o(.text)
    TIM_ClearITPendingBit                    0x080025f1   Thumb Code     6  stm32f10x_tim.o(.text)
    Delay_Init                               0x080025f9   Thumb Code    48  delay.o(.text)
    DelayUs                                  0x08002629   Thumb Code    60  delay.o(.text)
    DelayXms                                 0x08002665   Thumb Code    66  delay.o(.text)
    DelayMs                                  0x080026a7   Thumb Code    60  delay.o(.text)
    Usart1_Init                              0x080026ed   Thumb Code   166  usart.o(.text)
    Usart2_Init                              0x08002793   Thumb Code   162  usart.o(.text)
    Usart_SendString                         0x08002835   Thumb Code    50  usart.o(.text)
    UsartPrintf                              0x08002867   Thumb Code    72  usart.o(.text)
    USART1_IRQHandler                        0x080028af   Thumb Code    24  usart.o(.text)
    KEY_EXTI_Init                            0x080028d5   Thumb Code   160  key.o(.text)
    EXTI15_10_IRQHandler                     0x08002975   Thumb Code   192  key.o(.text)
    DHT11_Mode                               0x08002a49   Thumb Code    52  dht11.o(.text)
    DHT11_Rst                                0x08002a7d   Thumb Code    42  dht11.o(.text)
    DHT11_Check                              0x08002aa7   Thumb Code    88  dht11.o(.text)
    DHT11_Read_Bit                           0x08002aff   Thumb Code    88  dht11.o(.text)
    DHT11_Read_Byte                          0x08002b57   Thumb Code    30  dht11.o(.text)
    DHT11_Read_Data                          0x08002b75   Thumb Code    88  dht11.o(.text)
    DHT11_Init                               0x08002bcd   Thumb Code    58  dht11.o(.text)
    OLED_W_SCL                               0x08002c0d   Thumb Code    18  oled.o(.text)
    OLED_W_SDA                               0x08002c1f   Thumb Code    18  oled.o(.text)
    OLED_GPIO_Init                           0x08002c31   Thumb Code    92  oled.o(.text)
    OLED_I2C_Start                           0x08002c8d   Thumb Code    28  oled.o(.text)
    OLED_I2C_Stop                            0x08002ca9   Thumb Code    22  oled.o(.text)
    OLED_I2C_SendByte                        0x08002cbf   Thumb Code    62  oled.o(.text)
    OLED_WriteCommand                        0x08002cfd   Thumb Code    32  oled.o(.text)
    OLED_WriteData                           0x08002d1d   Thumb Code    46  oled.o(.text)
    OLED_SetCursor                           0x08002d4b   Thumb Code    34  oled.o(.text)
    OLED_Update                              0x08002d6d   Thumb Code    36  oled.o(.text)
    OLED_Clear                               0x08002d91   Thumb Code    36  oled.o(.text)
    OLED_Init                                0x08002db5   Thumb Code   154  oled.o(.text)
    OLED_Pow                                 0x08002e4f   Thumb Code    20  oled.o(.text)
    OLED_pnpoly                              0x08002e63   Thumb Code   140  oled.o(.text)
    OLED_IsInAngle                           0x08002eef   Thumb Code   110  oled.o(.text)
    OLED_UpdateArea                          0x08002f5d   Thumb Code   120  oled.o(.text)
    OLED_ClearArea                           0x08002fd5   Thumb Code   164  oled.o(.text)
    OLED_Reverse                             0x08003079   Thumb Code    46  oled.o(.text)
    OLED_ReverseArea                         0x080030a7   Thumb Code   140  oled.o(.text)
    OLED_ShowImage                           0x08003133   Thumb Code   248  oled.o(.text)
    OLED_ShowChar                            0x0800322b   Thumb Code    74  oled.o(.text)
    OLED_ShowString                          0x08003275   Thumb Code   262  oled.o(.text)
    OLED_ShowNum                             0x0800337b   Thumb Code    76  oled.o(.text)
    OLED_ShowSignedNum                       0x080033c7   Thumb Code   112  oled.o(.text)
    OLED_ShowHexNum                          0x08003437   Thumb Code   118  oled.o(.text)
    OLED_ShowBinNum                          0x080034ad   Thumb Code    70  oled.o(.text)
    OLED_ShowFloatNum                        0x080034f3   Thumb Code   210  oled.o(.text)
    OLED_Printf                              0x080035c5   Thumb Code    50  oled.o(.text)
    OLED_DrawPoint                           0x080035f7   Thumb Code    76  oled.o(.text)
    OLED_GetPoint                            0x08003643   Thumb Code    64  oled.o(.text)
    OLED_DrawLine                            0x08003683   Thumb Code   374  oled.o(.text)
    OLED_DrawRectangle                       0x080037f9   Thumb Code   142  oled.o(.text)
    OLED_DrawTriangle                        0x08003887   Thumb Code   232  oled.o(.text)
    OLED_DrawCircle                          0x0800396f   Thumb Code   356  oled.o(.text)
    OLED_DrawEllipse                         0x08003ad3   Thumb Code   806  oled.o(.text)
    OLED_DrawArc                             0x08003df9   Thumb Code   624  oled.o(.text)
    DS18B20_Mode                             0x08004069   Thumb Code    56  ds18b20.o(.text)
    DS18B20_Rst                              0x080040a1   Thumb Code    40  ds18b20.o(.text)
    DS18B20_Check                            0x080040c9   Thumb Code    84  ds18b20.o(.text)
    DS18B20_Read_Bit                         0x0800411d   Thumb Code    68  ds18b20.o(.text)
    DS18B20_Read_Byte                        0x08004161   Thumb Code    34  ds18b20.o(.text)
    DS18B20_Write_Byte                       0x08004183   Thumb Code    90  ds18b20.o(.text)
    DS18B20_Start                            0x080041dd   Thumb Code    24  ds18b20.o(.text)
    DS18B20_Init                             0x080041f5   Thumb Code    54  ds18b20.o(.text)
    DS18B20_Get_Temp                         0x0800422b   Thumb Code   136  ds18b20.o(.text)
    Relay3_Set                               0x080042bd   Thumb Code    20  relay1.o(.text)
    Relay2_Set                               0x080042d1   Thumb Code    20  relay1.o(.text)
    Relay1_Set                               0x080042e5   Thumb Code    20  relay1.o(.text)
    Relay_Init                               0x080042f9   Thumb Code    56  relay1.o(.text)
    AD_Init                                  0x08004341   Thumb Code   250  ad.o(.text)
    GateTDS_GetData_PPM                      0x0800444d   Thumb Code   354  tds.o(.text)
    GatePH_GetData                           0x080045ed   Thumb Code   166  ph.o(.text)
    PWM_Init                                 0x080046bd   Thumb Code   140  pwm.o(.text)
    PWM_SetCompare3                          0x08004749   Thumb Code    14  pwm.o(.text)
    Servo_Init                               0x08004761   Thumb Code     8  servo.o(.text)
    Servo_SetAngle                           0x08004769   Thumb Code    72  servo.o(.text)
    Beep_Init                                0x080047bd   Thumb Code    36  beep.o(.text)
    Beep_Start                               0x080047e1   Thumb Code    12  beep.o(.text)
    Beep_Stop                                0x080047ed   Thumb Code    12  beep.o(.text)
    Beep_Alarm                               0x080047f9   Thumb Code    54  beep.o(.text)
    Display_Init                             0x08004841   Thumb Code    76  main.o(.text)
    Hardware_Init                            0x0800488d   Thumb Code   176  main.o(.text)
    Refresh_Data                             0x0800493d   Thumb Code   118  main.o(.text)
    main                                     0x080049b3   Thumb Code   216  main.o(.text)
    OneNET_RegisterDevice                    0x08004e73   Thumb Code   216  onenet.o(.text)
    OneNet_DevLink                           0x08004f4b   Thumb Code   242  onenet.o(.text)
    OneNet_FillBuf                           0x0800503d   Thumb Code  1082  onenet.o(.text)
    OneNet_SendData                          0x08005477   Thumb Code   116  onenet.o(.text)
    OneNET_Publish                           0x080054eb   Thumb Code    86  onenet.o(.text)
    OneNET_Subscribe                         0x08005541   Thumb Code    86  onenet.o(.text)
    OneNet_RevPro                            0x08005597   Thumb Code   532  onenet.o(.text)
    ft                                       0x080059ed   Thumb Code    76  hmac_sha1.o(.text)
    k                                        0x08005a39   Thumb Code    34  hmac_sha1.o(.text)
    rotr                                     0x08005a5b   Thumb Code    40  hmac_sha1.o(.text)
    rotl                                     0x08005a83   Thumb Code    46  hmac_sha1.o(.text)
    sha1                                     0x08005ab1   Thumb Code   632  hmac_sha1.o(.text)
    hmac_sha1                                0x08005d29   Thumb Code   330  hmac_sha1.o(.text)
    BASE64_Encode                            0x08005e75   Thumb Code   320  base64.o(.text)
    BASE64_Decode                            0x08005fb5   Thumb Code   360  base64.o(.text)
    MQTT_NewBuffer                           0x08006125   Thumb Code    88  mqttkit.o(.text)
    MQTT_DeleteBuffer                        0x0800617d   Thumb Code    28  mqttkit.o(.text)
    MQTT_DumpLength                          0x08006199   Thumb Code    46  mqttkit.o(.text)
    MQTT_ReadLength                          0x080061c7   Thumb Code    70  mqttkit.o(.text)
    MQTT_UnPacketRecv                        0x0800620d   Thumb Code   106  mqttkit.o(.text)
    MQTT_PacketConnect                       0x08006277   Thumb Code   666  mqttkit.o(.text)
    MQTT_PacketDisConnect                    0x08006511   Thumb Code    48  mqttkit.o(.text)
    MQTT_UnPacketConnectAck                  0x08006541   Thumb Code    30  mqttkit.o(.text)
    MQTT_PacketPublish                       0x0800655f   Thumb Code   452  mqttkit.o(.text)
    MQTT_PacketSaveData                      0x08006723   Thumb Code    68  mqttkit.o(.text)
    MQTT_PacketSaveBinData                   0x08006767   Thumb Code   192  mqttkit.o(.text)
    MQTT_UnPacketCmd                         0x08006827   Thumb Code   140  mqttkit.o(.text)
    MQTT_PacketCmdResp                       0x080068b3   Thumb Code   132  mqttkit.o(.text)
    MQTT_PacketSubscribe                     0x08006937   Thumb Code   254  mqttkit.o(.text)
    MQTT_UnPacketSubscribe                   0x08006a35   Thumb Code    52  mqttkit.o(.text)
    MQTT_PacketUnSubscribe                   0x08006a69   Thumb Code   300  mqttkit.o(.text)
    MQTT_UnPacketUnSubscribe                 0x08006b95   Thumb Code    18  mqttkit.o(.text)
    MQTT_UnPacketPublish                     0x08006ba7   Thumb Code   440  mqttkit.o(.text)
    MQTT_PacketPublishAck                    0x08006d5f   Thumb Code    72  mqttkit.o(.text)
    MQTT_UnPacketPublishAck                  0x08006da7   Thumb Code    30  mqttkit.o(.text)
    MQTT_PacketPublishRec                    0x08006dc5   Thumb Code    72  mqttkit.o(.text)
    MQTT_UnPacketPublishRec                  0x08006e0d   Thumb Code    30  mqttkit.o(.text)
    MQTT_PacketPublishRel                    0x08006e2b   Thumb Code    72  mqttkit.o(.text)
    MQTT_UnPacketPublishRel                  0x08006e73   Thumb Code    36  mqttkit.o(.text)
    MQTT_PacketPublishComp                   0x08006e97   Thumb Code    72  mqttkit.o(.text)
    MQTT_UnPacketPublishComp                 0x08006edf   Thumb Code    30  mqttkit.o(.text)
    MQTT_PacketPing                          0x08006efd   Thumb Code    48  mqttkit.o(.text)
    ESP8266_Clear                            0x08006f2d   Thumb Code    20  esp8266.o(.text)
    ESP8266_WaitRecive                       0x08006f41   Thumb Code    42  esp8266.o(.text)
    ESP8266_SendCmd                          0x08006f6b   Thumb Code    76  esp8266.o(.text)
    ESP8266_SendData                         0x08006fb7   Thumb Code    46  esp8266.o(.text)
    ESP8266_GetIPD                           0x08006fe5   Thumb Code    68  esp8266.o(.text)
    ESP8266_Init                             0x08007029   Thumb Code   232  esp8266.o(.text)
    USART2_IRQHandler                        0x08007111   Thumb Code    64  esp8266.o(.text)
    cJSON_GetErrorPtr                        0x0800726d   Thumb Code     6  cjson.o(.text)
    cJSON_InitHooks                          0x080072e7   Thumb Code    48  cjson.o(.text)
    cJSON_Delete                             0x08007331   Thumb Code    82  cjson.o(.text)
    cJSON_ParseWithOpts                      0x08007e9d   Thumb Code   152  cjson.o(.text)
    cJSON_Parse                              0x08007f35   Thumb Code    16  cjson.o(.text)
    cJSON_Print                              0x080086c5   Thumb Code    18  cjson.o(.text)
    cJSON_PrintUnformatted                   0x080086d7   Thumb Code    18  cjson.o(.text)
    cJSON_PrintBuffered                      0x080086e9   Thumb Code    52  cjson.o(.text)
    cJSON_GetArraySize                       0x0800871d   Thumb Code    18  cjson.o(.text)
    cJSON_GetArrayItem                       0x0800872f   Thumb Code    18  cjson.o(.text)
    cJSON_GetObjectItem                      0x08008741   Thumb Code    30  cjson.o(.text)
    cJSON_AddItemToArray                     0x08008795   Thumb Code    42  cjson.o(.text)
    cJSON_AddItemToObject                    0x080087bf   Thumb Code    44  cjson.o(.text)
    cJSON_AddItemToObjectCS                  0x080087eb   Thumb Code    54  cjson.o(.text)
    cJSON_AddItemReferenceToArray            0x08008821   Thumb Code    24  cjson.o(.text)
    cJSON_AddItemReferenceToObject           0x08008839   Thumb Code    32  cjson.o(.text)
    cJSON_DetachItemFromArray                0x08008859   Thumb Code    66  cjson.o(.text)
    cJSON_DeleteItemFromArray                0x0800889b   Thumb Code    22  cjson.o(.text)
    cJSON_DetachItemFromObject               0x080088b1   Thumb Code    50  cjson.o(.text)
    cJSON_DeleteItemFromObject               0x080088e3   Thumb Code    22  cjson.o(.text)
    cJSON_InsertItemInArray                  0x080088f9   Thumb Code    64  cjson.o(.text)
    cJSON_ReplaceItemInArray                 0x08008939   Thumb Code    76  cjson.o(.text)
    cJSON_ReplaceItemInObject                0x08008985   Thumb Code    62  cjson.o(.text)
    cJSON_CreateNull                         0x080089c3   Thumb Code    18  cjson.o(.text)
    cJSON_CreateTrue                         0x080089d5   Thumb Code    18  cjson.o(.text)
    cJSON_CreateFalse                        0x080089e7   Thumb Code    18  cjson.o(.text)
    cJSON_CreateBool                         0x080089f9   Thumb Code    26  cjson.o(.text)
    cJSON_CreateNumber                       0x08008a13   Thumb Code    36  cjson.o(.text)
    cJSON_CreateString                       0x08008a37   Thumb Code    28  cjson.o(.text)
    cJSON_CreateArray                        0x08008a53   Thumb Code    18  cjson.o(.text)
    cJSON_CreateObject                       0x08008a65   Thumb Code    18  cjson.o(.text)
    cJSON_CreateIntArray                     0x08008a77   Thumb Code    68  cjson.o(.text)
    cJSON_CreateFloatArray                   0x08008abb   Thumb Code    68  cjson.o(.text)
    cJSON_CreateDoubleArray                  0x08008aff   Thumb Code    68  cjson.o(.text)
    cJSON_CreateStringArray                  0x08008b43   Thumb Code    62  cjson.o(.text)
    cJSON_Duplicate                          0x08008b81   Thumb Code   178  cjson.o(.text)
    cJSON_Minify                             0x08008c33   Thumb Code   186  cjson.o(.text)
    tolower                                  0x08008ced   Thumb Code    12  tolower.o(.text)
    __aeabi_memcpy                           0x08008cf9   Thumb Code    36  memcpya.o(.text)
    __aeabi_memcpy4                          0x08008cf9   Thumb Code     0  memcpya.o(.text)
    __aeabi_memcpy8                          0x08008cf9   Thumb Code     0  memcpya.o(.text)
    __aeabi_memset                           0x08008d1d   Thumb Code    14  memseta.o(.text)
    __aeabi_memset4                          0x08008d1d   Thumb Code     0  memseta.o(.text)
    __aeabi_memset8                          0x08008d1d   Thumb Code     0  memseta.o(.text)
    __aeabi_memclr                           0x08008d2b   Thumb Code     4  memseta.o(.text)
    __aeabi_memclr4                          0x08008d2b   Thumb Code     0  memseta.o(.text)
    __aeabi_memclr8                          0x08008d2b   Thumb Code     0  memseta.o(.text)
    _memset$wrapper                          0x08008d2f   Thumb Code    18  memseta.o(.text)
    strcat                                   0x08008d41   Thumb Code    24  strcat.o(.text)
    strstr                                   0x08008d59   Thumb Code    36  strstr.o(.text)
    strchr                                   0x08008d7d   Thumb Code    20  strchr.o(.text)
    strlen                                   0x08008d91   Thumb Code    14  strlen.o(.text)
    strcmp                                   0x08008d9f   Thumb Code    28  strcmp.o(.text)
    strncat                                  0x08008dbb   Thumb Code    40  strncat.o(.text)
    strcpy                                   0x08008de3   Thumb Code    18  strcpy.o(.text)
    strncmp                                  0x08008df5   Thumb Code    30  strncmp.o(.text)
    __0sscanf                                0x08008e15   Thumb Code    48  __0sscanf.o(.text)
    _scanf_int                               0x08008e4d   Thumb Code   332  _scanf_int.o(.text)
    _scanf_string                            0x08008f99   Thumb Code   224  _scanf_str.o(.text)
    __aeabi_fadd                             0x08009079   Thumb Code   164  fadd.o(.text)
    __aeabi_fsub                             0x0800911d   Thumb Code     6  fadd.o(.text)
    __aeabi_frsub                            0x08009123   Thumb Code     6  fadd.o(.text)
    __aeabi_fmul                             0x08009129   Thumb Code   100  fmul.o(.text)
    __aeabi_fdiv                             0x0800918d   Thumb Code   124  fdiv.o(.text)
    __aeabi_dadd                             0x08009209   Thumb Code   322  dadd.o(.text)
    __aeabi_dsub                             0x0800934b   Thumb Code     6  dadd.o(.text)
    __aeabi_drsub                            0x08009351   Thumb Code     6  dadd.o(.text)
    __aeabi_dmul                             0x08009357   Thumb Code   228  dmul.o(.text)
    __aeabi_ddiv                             0x0800943b   Thumb Code   222  ddiv.o(.text)
    __aeabi_i2f                              0x08009519   Thumb Code    18  fflti.o(.text)
    __aeabi_ui2f                             0x0800952b   Thumb Code    10  ffltui.o(.text)
    __aeabi_i2d                              0x08009535   Thumb Code    34  dflti.o(.text)
    __aeabi_ui2d                             0x08009557   Thumb Code    26  dfltui.o(.text)
    __aeabi_f2iz                             0x08009571   Thumb Code    50  ffixi.o(.text)
    __aeabi_f2uiz                            0x080095a3   Thumb Code    40  ffixui.o(.text)
    __aeabi_d2iz                             0x080095cb   Thumb Code    62  dfixi.o(.text)
    __aeabi_d2uiz                            0x08009609   Thumb Code    50  dfixui.o(.text)
    __aeabi_f2d                              0x0800963b   Thumb Code    38  f2d.o(.text)
    __aeabi_cdcmpeq                          0x08009661   Thumb Code     0  cdcmple.o(.text)
    __aeabi_cdcmple                          0x08009661   Thumb Code    48  cdcmple.o(.text)
    __aeabi_cdrcmple                         0x08009691   Thumb Code    48  cdrcmple.o(.text)
    __aeabi_d2f                              0x080096c1   Thumb Code    56  d2f.o(.text)
    __aeabi_cfcmpeq                          0x080096f9   Thumb Code     0  cfcmple.o(.text)
    __aeabi_cfcmple                          0x080096f9   Thumb Code    20  cfcmple.o(.text)
    __aeabi_cfrcmple                         0x0800970d   Thumb Code    20  cfrcmple.o(.text)
    __aeabi_uidiv                            0x08009721   Thumb Code     0  uidiv.o(.text)
    __aeabi_uidivmod                         0x08009721   Thumb Code    44  uidiv.o(.text)
    __aeabi_uldivmod                         0x0800974d   Thumb Code    98  uldiv.o(.text)
    __aeabi_llsl                             0x080097af   Thumb Code    30  llshl.o(.text)
    _ll_shift_l                              0x080097af   Thumb Code     0  llshl.o(.text)
    __aeabi_llsr                             0x080097cd   Thumb Code    32  llushr.o(.text)
    _ll_ushift_r                             0x080097cd   Thumb Code     0  llushr.o(.text)
    __aeabi_lasr                             0x080097ed   Thumb Code    36  llsshr.o(.text)
    _ll_sshift_r                             0x080097ed   Thumb Code     0  llsshr.o(.text)
    _chval                                   0x08009811   Thumb Code    28  _chval.o(.text)
    __vfscanf_char                           0x08009839   Thumb Code    20  scanf_char.o(.text)
    _sgetc                                   0x08009855   Thumb Code    30  _sgetc.o(.text)
    _sbackspace                              0x08009873   Thumb Code    34  _sgetc.o(.text)
    __I$use$fp                               0x08009895   Thumb Code     0  iusefp.o(.text)
    _float_round                             0x08009895   Thumb Code    18  fepilogue.o(.text)
    _float_epilogue                          0x080098a7   Thumb Code    92  fepilogue.o(.text)
    _double_round                            0x08009903   Thumb Code    30  depilogue.o(.text)
    _double_epilogue                         0x08009921   Thumb Code   156  depilogue.o(.text)
    __ARM_scalbn                             0x080099bd   Thumb Code    46  dscalb.o(.text)
    scalbn                                   0x080099bd   Thumb Code     0  dscalb.o(.text)
    _drnd                                    0x080099ed   Thumb Code   132  drnd.o(.text)
    __aeabi_d2ulz                            0x08009a75   Thumb Code    48  dfixul.o(.text)
    __scatterload                            0x08009aa5   Thumb Code    28  init.o(.text)
    __scatterload_rt2                        0x08009aa5   Thumb Code     0  init.o(.text)
    isspace                                  0x08009ac9   Thumb Code    10  isspace_c.o(.text)
    __vfscanf                                0x08009ad5   Thumb Code   808  _scanf.o(.text)
    _dsqrt                                   0x08009e01   Thumb Code   162  dsqrt.o(.text)
    __ctype_lookup                           0x08009ea5   Thumb Code    34  ctype_c.o(.text)
    __0snprintf                              0x08009ecd   Thumb Code    44  printfa.o(i.__0snprintf)
    __1snprintf                              0x08009ecd   Thumb Code     0  printfa.o(i.__0snprintf)
    __2snprintf                              0x08009ecd   Thumb Code     0  printfa.o(i.__0snprintf)
    __c89snprintf                            0x08009ecd   Thumb Code     0  printfa.o(i.__0snprintf)
    snprintf                                 0x08009ecd   Thumb Code     0  printfa.o(i.__0snprintf)
    __0sprintf                               0x08009efd   Thumb Code    34  printfa.o(i.__0sprintf)
    __1sprintf                               0x08009efd   Thumb Code     0  printfa.o(i.__0sprintf)
    __2sprintf                               0x08009efd   Thumb Code     0  printfa.o(i.__0sprintf)
    __c89sprintf                             0x08009efd   Thumb Code     0  printfa.o(i.__0sprintf)
    sprintf                                  0x08009efd   Thumb Code     0  printfa.o(i.__0sprintf)
    __0vsnprintf                             0x08009f25   Thumb Code    40  printfa.o(i.__0vsnprintf)
    __1vsnprintf                             0x08009f25   Thumb Code     0  printfa.o(i.__0vsnprintf)
    __2vsnprintf                             0x08009f25   Thumb Code     0  printfa.o(i.__0vsnprintf)
    __c89vsnprintf                           0x08009f25   Thumb Code     0  printfa.o(i.__0vsnprintf)
    vsnprintf                                0x08009f25   Thumb Code     0  printfa.o(i.__0vsnprintf)
    __0vsprintf                              0x08009f51   Thumb Code    30  printfa.o(i.__0vsprintf)
    __1vsprintf                              0x08009f51   Thumb Code     0  printfa.o(i.__0vsprintf)
    __2vsprintf                              0x08009f51   Thumb Code     0  printfa.o(i.__0vsprintf)
    __c89vsprintf                            0x08009f51   Thumb Code     0  printfa.o(i.__0vsprintf)
    vsprintf                                 0x08009f51   Thumb Code     0  printfa.o(i.__0vsprintf)
    __ARM_fpclassify                         0x08009f75   Thumb Code    40  fpclassify.o(i.__ARM_fpclassify)
    __kernel_poly                            0x08009f9d   Thumb Code   170  poly.o(i.__kernel_poly)
    __mathlib_dbl_divzero                    0x0800a049   Thumb Code    12  dunder.o(i.__mathlib_dbl_divzero)
    __mathlib_dbl_infnan                     0x0800a059   Thumb Code     6  dunder.o(i.__mathlib_dbl_infnan)
    __mathlib_dbl_infnan2                    0x0800a05f   Thumb Code     4  dunder.o(i.__mathlib_dbl_infnan2)
    __mathlib_dbl_invalid                    0x0800a063   Thumb Code    12  dunder.o(i.__mathlib_dbl_invalid)
    __mathlib_dbl_overflow                   0x0800a06f   Thumb Code    14  dunder.o(i.__mathlib_dbl_overflow)
    __mathlib_dbl_underflow                  0x0800a07d   Thumb Code    10  dunder.o(i.__mathlib_dbl_underflow)
    __scatterload_copy                       0x0800a08d   Thumb Code    14  handlers.o(i.__scatterload_copy)
    __scatterload_null                       0x0800a09b   Thumb Code     2  handlers.o(i.__scatterload_null)
    __scatterload_zeroinit                   0x0800a09d   Thumb Code    14  handlers.o(i.__scatterload_zeroinit)
    __set_errno                              0x0800a0ad   Thumb Code     6  errno.o(i.__set_errno)
    atan                                     0x0800a98d   Thumb Code   474  atan.o(i.atan)
    atan2                                    0x0800abad   Thumb Code   346  atan2.o(i.atan2)
    floor                                    0x0800ad2d   Thumb Code   204  floor.o(i.floor)
    free                                     0x0800ae09   Thumb Code    76  malloc.o(i.free)
    malloc                                   0x0800ae59   Thumb Code    92  malloc.o(i.malloc)
    pow                                      0x0800aec5   Thumb Code  2512  pow.o(i.pow)
    round                                    0x0800b89d   Thumb Code   136  round.o(i.round)
    sqrt                                     0x0800b931   Thumb Code    76  sqrt.o(i.sqrt)
    OLED_F8x16                               0x0800b97c   Data        1520  oled_data.o(.constdata)
    OLED_F6x8                                0x0800bf6c   Data         570  oled_data.o(.constdata)
    OLED_CF16x16                             0x0800c1a6   Data         910  oled_data.o(.constdata)
    Diode                                    0x0800c534   Data          32  oled_data.o(.constdata)
    WIFI                                     0x0800c554   Data          32  oled_data.o(.constdata)
    __mathlib_zero                           0x0800c760   Data           8  qnan.o(.constdata)
    __ctype_categories                       0x0800c768   Data          64  ctype_c.o(.constdata)
    Region$$Table$$Base                      0x0800c8cc   Number         0  anon$$obj.o(Region$$Table)
    Region$$Table$$Limit                     0x0800c8ec   Number         0  anon$$obj.o(Region$$Table)
    SystemCoreClock                          0x20000000   Data           4  system_stm32f10x.o(.data)
    AHBPrescTable                            0x20000004   Data          16  system_stm32f10x.o(.data)
    UsCount                                  0x20000028   Data           1  delay.o(.data)
    MsCount                                  0x2000002a   Data           2  delay.o(.data)
    Angle                                    0x2000002c   Data           1  key.o(.data)
    relay1_info                              0x2000002d   Data           1  relay1.o(.data)
    relay2_info                              0x2000002e   Data           1  relay1.o(.data)
    relay3_info                              0x2000002f   Data           1  relay1.o(.data)
    AD_Value                                 0x20000030   Data           8  ad.o(.data)
    water_temp1                              0x20000038   Data           4  tds.o(.data)
    water_temp                               0x2000003c   Data           4  main.o(.data)
    TDS_Data                                 0x20000040   Data           4  main.o(.data)
    PH_Data                                  0x20000044   Data           4  main.o(.data)
    environment_humi                         0x20000048   Data           1  main.o(.data)
    environment_temp                         0x20000049   Data           1  main.o(.data)
    esp8266_cnt                              0x20000050   Data           2  esp8266.o(.data)
    esp8266_cntPre                           0x20000052   Data           2  esp8266.o(.data)
    __microlib_freelist                      0x20000060   Data           4  mvars.o(.data)
    __microlib_freelist_initialised          0x20000064   Data           4  mvars.o(.data)
    OLED_DisplayBuf                          0x2000006c   Data        1024  oled.o(.bss)
    devid                                    0x2000046c   Data          16  onenet.o(.bss)
    key                                      0x2000047c   Data          48  onenet.o(.bss)
    esp8266_buf                              0x200004ac   Data         512  esp8266.o(.bss)
    __heap_base                              0x200006b0   Data           0  startup_stm32f10x_md.o(HEAP)
    __heap_limit                             0x200008b0   Data           0  startup_stm32f10x_md.o(HEAP)
    __initial_sp                             0x200010b0   Data           0  startup_stm32f10x_md.o(STACK)



==============================================================================

Memory Map of the image

  Image Entry point : 0x080000ed

  Load Region LR_IROM1 (Base: 0x08000000, Size: 0x0000c958, Max: 0x00010000, ABSOLUTE)

    Execution Region ER_IROM1 (Exec base: 0x08000000, Load base: 0x08000000, Size: 0x0000c8ec, Max: 0x00010000, ABSOLUTE)

    Exec Addr    Load Addr    Size         Type   Attr      Idx    E Section Name        Object

    0x08000000   0x08000000   0x000000ec   Data   RO          139    RESET               startup_stm32f10x_md.o
    0x080000ec   0x080000ec   0x00000000   Code   RO          754  * .ARM.Collect$$$$00000000  mc_w.l(entry.o)
    0x080000ec   0x080000ec   0x00000004   Code   RO         1153    .ARM.Collect$$$$00000001  mc_w.l(entry2.o)
    0x080000f0   0x080000f0   0x00000004   Code   RO         1156    .ARM.Collect$$$$00000004  mc_w.l(entry5.o)
    0x080000f4   0x080000f4   0x00000000   Code   RO         1158    .ARM.Collect$$$$00000008  mc_w.l(entry7b.o)
    0x080000f4   0x080000f4   0x00000000   Code   RO         1160    .ARM.Collect$$$$0000000A  mc_w.l(entry8b.o)
    0x080000f4   0x080000f4   0x00000008   Code   RO         1161    .ARM.Collect$$$$0000000B  mc_w.l(entry9a.o)
    0x080000fc   0x080000fc   0x00000000   Code   RO         1163    .ARM.Collect$$$$0000000D  mc_w.l(entry10a.o)
    0x080000fc   0x080000fc   0x00000000   Code   RO         1165    .ARM.Collect$$$$0000000F  mc_w.l(entry11a.o)
    0x080000fc   0x080000fc   0x00000004   Code   RO         1154    .ARM.Collect$$$$00002712  mc_w.l(entry2.o)
    0x08000100   0x08000100   0x00000134   Code   RO           17    .text               stm32f10x_it.o
    0x08000234   0x08000234   0x000001e0   Code   RO          119    .text               system_stm32f10x.o
    0x08000414   0x08000414   0x00000024   Code   RO          140    .text               startup_stm32f10x_md.o
    0x08000438   0x08000438   0x000000dc   Code   RO          144    .text               misc.o
    0x08000514   0x08000514   0x0000035c   Code   RO          182    .text               stm32f10x_gpio.o
    0x08000870   0x08000870   0x000003a4   Code   RO          194    .text               stm32f10x_rcc.o
    0x08000c14   0x08000c14   0x00000408   Code   RO          208    .text               stm32f10x_usart.o
    0x0800101c   0x0800101c   0x0000011c   Code   RO          220    .text               stm32f10x_exti.o
    0x08001138   0x08001138   0x0000044e   Code   RO          232    .text               stm32f10x_adc.o
    0x08001586   0x08001586   0x00000002   PAD
    0x08001588   0x08001588   0x00000254   Code   RO          244    .text               stm32f10x_dma.o
    0x080017dc   0x080017dc   0x00000e1a   Code   RO          256    .text               stm32f10x_tim.o
    0x080025f6   0x080025f6   0x00000002   PAD
    0x080025f8   0x080025f8   0x000000f4   Code   RO          268    .text               delay.o
    0x080026ec   0x080026ec   0x000001e8   Code   RO          286    .text               usart.o
    0x080028d4   0x080028d4   0x00000174   Code   RO          326    .text               key.o
    0x08002a48   0x08002a48   0x000001c4   Code   RO          355    .text               dht11.o
    0x08002c0c   0x08002c0c   0x0000145c   Code   RO          370    .text               oled.o
    0x08004068   0x08004068   0x00000254   Code   RO          408    .text               ds18b20.o
    0x080042bc   0x080042bc   0x00000084   Code   RO          426    .text               relay1.o
    0x08004340   0x08004340   0x0000010c   Code   RO          444    .text               ad.o
    0x0800444c   0x0800444c   0x000001a0   Code   RO          462    .text               tds.o
    0x080045ec   0x080045ec   0x000000d0   Code   RO          484    .text               ph.o
    0x080046bc   0x080046bc   0x000000a4   Code   RO          499    .text               pwm.o
    0x08004760   0x08004760   0x0000005c   Code   RO          511    .text               servo.o
    0x080047bc   0x080047bc   0x00000084   Code   RO          526    .text               beep.o
    0x08004840   0x08004840   0x00000420   Code   RO          542    .text               main.o
    0x08004c60   0x08004c60   0x00000d8c   Code   RO          563    .text               onenet.o
    0x080059ec   0x080059ec   0x00000486   Code   RO          606    .text               hmac_sha1.o
    0x08005e72   0x08005e72   0x00000002   PAD
    0x08005e74   0x08005e74   0x000002b0   Code   RO          628    .text               base64.o
    0x08006124   0x08006124   0x00000e08   Code   RO          649    .text               mqttkit.o
    0x08006f2c   0x08006f2c   0x00000340   Code   RO          677    .text               esp8266.o
    0x0800726c   0x0800726c   0x00001a80   Code   RO          693    .text               cjson.o
    0x08008cec   0x08008cec   0x0000000c   Code   RO          757    .text               mc_w.l(tolower.o)
    0x08008cf8   0x08008cf8   0x00000024   Code   RO          759    .text               mc_w.l(memcpya.o)
    0x08008d1c   0x08008d1c   0x00000024   Code   RO          761    .text               mc_w.l(memseta.o)
    0x08008d40   0x08008d40   0x00000018   Code   RO          763    .text               mc_w.l(strcat.o)
    0x08008d58   0x08008d58   0x00000024   Code   RO          765    .text               mc_w.l(strstr.o)
    0x08008d7c   0x08008d7c   0x00000014   Code   RO          767    .text               mc_w.l(strchr.o)
    0x08008d90   0x08008d90   0x0000000e   Code   RO          769    .text               mc_w.l(strlen.o)
    0x08008d9e   0x08008d9e   0x0000001c   Code   RO          771    .text               mc_w.l(strcmp.o)
    0x08008dba   0x08008dba   0x00000028   Code   RO          773    .text               mc_w.l(strncat.o)
    0x08008de2   0x08008de2   0x00000012   Code   RO          775    .text               mc_w.l(strcpy.o)
    0x08008df4   0x08008df4   0x0000001e   Code   RO          777    .text               mc_w.l(strncmp.o)
    0x08008e12   0x08008e12   0x00000002   PAD
    0x08008e14   0x08008e14   0x00000038   Code   RO         1070    .text               mc_w.l(__0sscanf.o)
    0x08008e4c   0x08008e4c   0x0000014c   Code   RO         1072    .text               mc_w.l(_scanf_int.o)
    0x08008f98   0x08008f98   0x000000e0   Code   RO         1074    .text               mc_w.l(_scanf_str.o)
    0x08009078   0x08009078   0x000000b0   Code   RO         1076    .text               mf_w.l(fadd.o)
    0x08009128   0x08009128   0x00000064   Code   RO         1078    .text               mf_w.l(fmul.o)
    0x0800918c   0x0800918c   0x0000007c   Code   RO         1080    .text               mf_w.l(fdiv.o)
    0x08009208   0x08009208   0x0000014e   Code   RO         1082    .text               mf_w.l(dadd.o)
    0x08009356   0x08009356   0x000000e4   Code   RO         1084    .text               mf_w.l(dmul.o)
    0x0800943a   0x0800943a   0x000000de   Code   RO         1086    .text               mf_w.l(ddiv.o)
    0x08009518   0x08009518   0x00000012   Code   RO         1088    .text               mf_w.l(fflti.o)
    0x0800952a   0x0800952a   0x0000000a   Code   RO         1090    .text               mf_w.l(ffltui.o)
    0x08009534   0x08009534   0x00000022   Code   RO         1092    .text               mf_w.l(dflti.o)
    0x08009556   0x08009556   0x0000001a   Code   RO         1094    .text               mf_w.l(dfltui.o)
    0x08009570   0x08009570   0x00000032   Code   RO         1096    .text               mf_w.l(ffixi.o)
    0x080095a2   0x080095a2   0x00000028   Code   RO         1098    .text               mf_w.l(ffixui.o)
    0x080095ca   0x080095ca   0x0000003e   Code   RO         1100    .text               mf_w.l(dfixi.o)
    0x08009608   0x08009608   0x00000032   Code   RO         1102    .text               mf_w.l(dfixui.o)
    0x0800963a   0x0800963a   0x00000026   Code   RO         1104    .text               mf_w.l(f2d.o)
    0x08009660   0x08009660   0x00000030   Code   RO         1106    .text               mf_w.l(cdcmple.o)
    0x08009690   0x08009690   0x00000030   Code   RO         1108    .text               mf_w.l(cdrcmple.o)
    0x080096c0   0x080096c0   0x00000038   Code   RO         1110    .text               mf_w.l(d2f.o)
    0x080096f8   0x080096f8   0x00000014   Code   RO         1112    .text               mf_w.l(cfcmple.o)
    0x0800970c   0x0800970c   0x00000014   Code   RO         1114    .text               mf_w.l(cfrcmple.o)
    0x08009720   0x08009720   0x0000002c   Code   RO         1170    .text               mc_w.l(uidiv.o)
    0x0800974c   0x0800974c   0x00000062   Code   RO         1172    .text               mc_w.l(uldiv.o)
    0x080097ae   0x080097ae   0x0000001e   Code   RO         1174    .text               mc_w.l(llshl.o)
    0x080097cc   0x080097cc   0x00000020   Code   RO         1176    .text               mc_w.l(llushr.o)
    0x080097ec   0x080097ec   0x00000024   Code   RO         1178    .text               mc_w.l(llsshr.o)
    0x08009810   0x08009810   0x0000001c   Code   RO         1189    .text               mc_w.l(_chval.o)
    0x0800982c   0x0800982c   0x00000028   Code   RO         1191    .text               mc_w.l(scanf_char.o)
    0x08009854   0x08009854   0x00000040   Code   RO         1193    .text               mc_w.l(_sgetc.o)
    0x08009894   0x08009894   0x00000000   Code   RO         1195    .text               mc_w.l(iusefp.o)
    0x08009894   0x08009894   0x0000006e   Code   RO         1196    .text               mf_w.l(fepilogue.o)
    0x08009902   0x08009902   0x000000ba   Code   RO         1198    .text               mf_w.l(depilogue.o)
    0x080099bc   0x080099bc   0x0000002e   Code   RO         1200    .text               mf_w.l(dscalb.o)
    0x080099ea   0x080099ea   0x00000002   PAD
    0x080099ec   0x080099ec   0x00000088   Code   RO         1202    .text               mf_w.l(drnd.o)
    0x08009a74   0x08009a74   0x00000030   Code   RO         1204    .text               mf_w.l(dfixul.o)
    0x08009aa4   0x08009aa4   0x00000024   Code   RO         1206    .text               mc_w.l(init.o)
    0x08009ac8   0x08009ac8   0x0000000a   Code   RO         1209    .text               mc_w.l(isspace_c.o)
    0x08009ad2   0x08009ad2   0x00000002   PAD
    0x08009ad4   0x08009ad4   0x0000032c   Code   RO         1211    .text               mc_w.l(_scanf.o)
    0x08009e00   0x08009e00   0x000000a2   Code   RO         1214    .text               mf_w.l(dsqrt.o)
    0x08009ea2   0x08009ea2   0x00000002   PAD
    0x08009ea4   0x08009ea4   0x00000028   Code   RO         1216    .text               mc_w.l(ctype_c.o)
    0x08009ecc   0x08009ecc   0x00000030   Code   RO         1015    i.__0snprintf       mc_w.l(printfa.o)
    0x08009efc   0x08009efc   0x00000028   Code   RO         1016    i.__0sprintf        mc_w.l(printfa.o)
    0x08009f24   0x08009f24   0x0000002c   Code   RO         1019    i.__0vsnprintf      mc_w.l(printfa.o)
    0x08009f50   0x08009f50   0x00000024   Code   RO         1020    i.__0vsprintf       mc_w.l(printfa.o)
    0x08009f74   0x08009f74   0x00000028   Code   RO         1140    i.__ARM_fpclassify  m_ws.l(fpclassify.o)
    0x08009f9c   0x08009f9c   0x000000aa   Code   RO         1142    i.__kernel_poly     m_ws.l(poly.o)
    0x0800a046   0x0800a046   0x00000002   PAD
    0x0800a048   0x0800a048   0x00000010   Code   RO         1126    i.__mathlib_dbl_divzero  m_ws.l(dunder.o)
    0x0800a058   0x0800a058   0x00000006   Code   RO         1127    i.__mathlib_dbl_infnan  m_ws.l(dunder.o)
    0x0800a05e   0x0800a05e   0x00000004   Code   RO         1128    i.__mathlib_dbl_infnan2  m_ws.l(dunder.o)
    0x0800a062   0x0800a062   0x0000000c   Code   RO         1129    i.__mathlib_dbl_invalid  m_ws.l(dunder.o)
    0x0800a06e   0x0800a06e   0x0000000e   Code   RO         1130    i.__mathlib_dbl_overflow  m_ws.l(dunder.o)
    0x0800a07c   0x0800a07c   0x00000010   Code   RO         1132    i.__mathlib_dbl_underflow  m_ws.l(dunder.o)
    0x0800a08c   0x0800a08c   0x0000000e   Code   RO         1221    i.__scatterload_copy  mc_w.l(handlers.o)
    0x0800a09a   0x0800a09a   0x00000002   Code   RO         1222    i.__scatterload_null  mc_w.l(handlers.o)
    0x0800a09c   0x0800a09c   0x0000000e   Code   RO         1223    i.__scatterload_zeroinit  mc_w.l(handlers.o)
    0x0800a0aa   0x0800a0aa   0x00000002   PAD
    0x0800a0ac   0x0800a0ac   0x0000000c   Code   RO         1184    i.__set_errno       mc_w.l(errno.o)
    0x0800a0b8   0x0800a0b8   0x00000184   Code   RO         1021    i._fp_digits        mc_w.l(printfa.o)
    0x0800a23c   0x0800a23c   0x000006dc   Code   RO         1022    i._printf_core      mc_w.l(printfa.o)
    0x0800a918   0x0800a918   0x00000024   Code   RO         1023    i._printf_post_padding  mc_w.l(printfa.o)
    0x0800a93c   0x0800a93c   0x0000002e   Code   RO         1024    i._printf_pre_padding  mc_w.l(printfa.o)
    0x0800a96a   0x0800a96a   0x00000016   Code   RO         1025    i._snputc           mc_w.l(printfa.o)
    0x0800a980   0x0800a980   0x0000000a   Code   RO         1026    i._sputc            mc_w.l(printfa.o)
    0x0800a98a   0x0800a98a   0x00000002   PAD
    0x0800a98c   0x0800a98c   0x00000220   Code   RO         1117    i.atan              m_ws.l(atan.o)
    0x0800abac   0x0800abac   0x00000180   Code   RO          731    i.atan2             m_ws.l(atan2.o)
    0x0800ad2c   0x0800ad2c   0x000000dc   Code   RO          739    i.floor             m_ws.l(floor.o)
    0x0800ae08   0x0800ae08   0x00000050   Code   RO         1042    i.free              mc_w.l(malloc.o)
    0x0800ae58   0x0800ae58   0x0000006c   Code   RO         1043    i.malloc            mc_w.l(malloc.o)
    0x0800aec4   0x0800aec4   0x000009d8   Code   RO          743    i.pow               m_ws.l(pow.o)
    0x0800b89c   0x0800b89c   0x00000094   Code   RO          752    i.round             m_ws.l(round.o)
    0x0800b930   0x0800b930   0x0000004c   Code   RO         1146    i.sqrt              m_ws.l(sqrt.o)
    0x0800b97c   0x0800b97c   0x00000bf8   Data   RO          396    .constdata          oled_data.o
    0x0800c574   0x0800c574   0x000000c0   Data   RO          629    .constdata          base64.o
    0x0800c634   0x0800c634   0x00000007   Data   RO          694    .constdata          cjson.o
    0x0800c63b   0x0800c63b   0x00000005   PAD
    0x0800c640   0x0800c640   0x00000088   Data   RO          744    .constdata          m_ws.l(pow.o)
    0x0800c6c8   0x0800c6c8   0x00000098   Data   RO         1118    .constdata          m_ws.l(atan.o)
    0x0800c760   0x0800c760   0x00000008   Data   RO         1144    .constdata          m_ws.l(qnan.o)
    0x0800c768   0x0800c768   0x00000040   Data   RO         1217    .constdata          mc_w.l(ctype_c.o)
    0x0800c7a8   0x0800c7a8   0x00000123   Data   RO          565    .conststring        onenet.o
    0x0800c8cb   0x0800c8cb   0x00000001   PAD
    0x0800c8cc   0x0800c8cc   0x00000020   Data   RO         1219    Region$$Table       anon$$obj.o


    Execution Region RW_IRAM1 (Exec base: 0x20000000, Load base: 0x0800c8ec, Size: 0x000010b0, Max: 0x00005000, ABSOLUTE)

    Exec Addr    Load Addr    Size         Type   Attr      Idx    E Section Name        Object

    0x20000000   0x0800c8ec   0x00000014   Data   RW          120    .data               system_stm32f10x.o
    0x20000014   0x0800c900   0x00000014   Data   RW          195    .data               stm32f10x_rcc.o
    0x20000028   0x0800c914   0x00000004   Data   RW          269    .data               delay.o
    0x2000002c   0x0800c918   0x00000001   Data   RW          327    .data               key.o
    0x2000002d   0x0800c919   0x00000003   Data   RW          427    .data               relay1.o
    0x20000030   0x0800c91c   0x00000008   Data   RW          445    .data               ad.o
    0x20000038   0x0800c924   0x00000004   Data   RW          463    .data               tds.o
    0x2000003c   0x0800c928   0x0000000e   Data   RW          543    .data               main.o
    0x2000004a   0x0800c936   0x00000006   Data   RW          566    .data               onenet.o
    0x20000050   0x0800c93c   0x00000004   Data   RW          679    .data               esp8266.o
    0x20000054   0x0800c940   0x0000000c   Data   RW          695    .data               cjson.o
    0x20000060   0x0800c94c   0x00000004   Data   RW         1180    .data               mc_w.l(mvars.o)
    0x20000064   0x0800c950   0x00000004   Data   RW         1181    .data               mc_w.l(mvars.o)
    0x20000068   0x0800c954   0x00000004   Data   RW         1185    .data               mc_w.l(errno.o)
    0x2000006c        -       0x00000400   Zero   RW          371    .bss                oled.o
    0x2000046c        -       0x00000040   Zero   RW          564    .bss                onenet.o
    0x200004ac        -       0x00000200   Zero   RW          678    .bss                esp8266.o
    0x200006ac   0x0800c958   0x00000004   PAD
    0x200006b0        -       0x00000200   Zero   RW          138    HEAP                startup_stm32f10x_md.o
    0x200008b0        -       0x00000800   Zero   RW          137    STACK               startup_stm32f10x_md.o


==============================================================================

Image component sizes


      Code (inc. data)   RO Data    RW Data    ZI Data      Debug   Object Name

       268         18          0          8          0       1161   ad.o
       688          8        192          0          0       3090   base64.o
       132         18          0          0          0        800   beep.o
      6784        208          7         12          0      25416   cjson.o
         0          0          0          0          0       4532   core_cm3.o
       244         10          0          4          0       1424   delay.o
       452          6          0          0          0       2269   dht11.o
       596         10          0          0          0       2399   ds18b20.o
       832        284          0          4        512       2939   esp8266.o
      1158         28          0          0          0       3188   hmac_sha1.o
       372         20          0          1          0       1045   key.o
      1056        470          0         14          0       1507   main.o
       220         22          0          0          0     216121   misc.o
      3592         74          0          0          0      15159   mqttkit.o
      5212         52          0          0       1024      15171   oled.o
         0          0       3064          0          0       1095   oled_data.o
      3468       1388        291          6         64       9631   onenet.o
       208         42          0          0          0        621   ph.o
       164         10          0          0          0        783   pwm.o
       132         16          0          3          0       1772   relay1.o
        92         12          0          0          0        648   servo.o
        36          8        236          0       2560        784   startup_stm32f10x_md.o
      1102         26          0          0          0      10933   stm32f10x_adc.o
       596          8          0          0          0       4258   stm32f10x_dma.o
       284         10          0          0          0       2151   stm32f10x_exti.o
       860         38          0          0          0       5629   stm32f10x_gpio.o
       308        248          0          0          0      54491   stm32f10x_it.o
       932         36          0         20          0       8776   stm32f10x_rcc.o
      3610         88          0          0          0      22736   stm32f10x_tim.o
      1032         22          0          0          0       8352   stm32f10x_usart.o
       480         38          0         20          0       1703   system_stm32f10x.o
       416         62          0          4          0        876   tds.o
       488         14          0          0          0       3245   usart.o

    ----------------------------------------------------------------------
     35820       3294       3828         96       4164     434705   Object Totals
         0          0         32          0          0          0   (incl. Generated)
         6          0          6          0          4          0   (incl. Padding)

    ----------------------------------------------------------------------

      Code (inc. data)   RO Data    RW Data    ZI Data      Debug   Library Member Name

       544         70        152          0          0        124   atan.o
       384         38          0          0          0        144   atan2.o
        68         10          0          0          0        408   dunder.o
       220         16          0          0          0         84   floor.o
        40          0          0          0          0         68   fpclassify.o
       170          0          0          0          0         96   poly.o
      2520        190        136          0          0        324   pow.o
         0          0          8          0          0          0   qnan.o
       148         12          0          0          0         88   round.o
        76          0          0          0          0         84   sqrt.o
        56          8          0          0          0         84   __0sscanf.o
        28          0          0          0          0         68   _chval.o
       812          4          0          0          0        112   _scanf.o
       332          0          0          0          0         96   _scanf_int.o
       224          0          0          0          0         96   _scanf_str.o
        64          0          0          0          0         84   _sgetc.o
        40          6         64          0          0         68   ctype_c.o
         0          0          0          0          0          0   entry.o
         0          0          0          0          0          0   entry10a.o
         0          0          0          0          0          0   entry11a.o
         8          4          0          0          0          0   entry2.o
         4          0          0          0          0          0   entry5.o
         0          0          0          0          0          0   entry7b.o
         0          0          0          0          0          0   entry8b.o
         8          4          0          0          0          0   entry9a.o
        12          6          0          4          0         68   errno.o
        30          0          0          0          0          0   handlers.o
        36          8          0          0          0         68   init.o
        10          0          0          0          0         68   isspace_c.o
         0          0          0          0          0          0   iusefp.o
        30          0          0          0          0         68   llshl.o
        36          0          0          0          0         68   llsshr.o
        32          0          0          0          0         68   llushr.o
       188         20          0          0          0        160   malloc.o
        36          0          0          0          0         68   memcpya.o
        36          0          0          0          0        108   memseta.o
         0          0          0          8          0          0   mvars.o
      2426        100          0          0          0        832   printfa.o
        40          8          0          0          0         84   scanf_char.o
        24          0          0          0          0         68   strcat.o
        20          0          0          0          0         68   strchr.o
        28          0          0          0          0         76   strcmp.o
        18          0          0          0          0         68   strcpy.o
        14          0          0          0          0         68   strlen.o
        40          0          0          0          0         76   strncat.o
        30          0          0          0          0         80   strncmp.o
        36          0          0          0          0         80   strstr.o
        12          0          0          0          0         68   tolower.o
        44          0          0          0          0         80   uidiv.o
        98          0          0          0          0         92   uldiv.o
        48          0          0          0          0         68   cdcmple.o
        48          0          0          0          0         68   cdrcmple.o
        20          0          0          0          0         68   cfcmple.o
        20          0          0          0          0         68   cfrcmple.o
        56          0          0          0          0         88   d2f.o
       334          0          0          0          0        148   dadd.o
       222          0          0          0          0        100   ddiv.o
       186          0          0          0          0        176   depilogue.o
        62          0          0          0          0         80   dfixi.o
        50          0          0          0          0         76   dfixui.o
        48          0          0          0          0         68   dfixul.o
        34          0          0          0          0         76   dflti.o
        26          0          0          0          0         76   dfltui.o
       228          0          0          0          0         96   dmul.o
       136          4          0          0          0         92   drnd.o
        46          0          0          0          0         80   dscalb.o
       162          0          0          0          0        100   dsqrt.o
        38          0          0          0          0         68   f2d.o
       176          0          0          0          0        140   fadd.o
       124          0          0          0          0         88   fdiv.o
       110          0          0          0          0        168   fepilogue.o
        50          0          0          0          0         68   ffixi.o
        40          0          0          0          0         68   ffixui.o
        18          0          0          0          0         68   fflti.o
        10          0          0          0          0         68   ffltui.o
       100          0          0          0          0         76   fmul.o

    ----------------------------------------------------------------------
     11428        508        360         12          0       6852   Library Totals
        14          0          0          0          0          0   (incl. Padding)

    ----------------------------------------------------------------------

      Code (inc. data)   RO Data    RW Data    ZI Data      Debug   Library Name

      4170        336        296          0          0       1420   m_ws.l
      4852        168         64         12          0       3092   mc_w.l
      2392          4          0          0          0       2340   mf_w.l

    ----------------------------------------------------------------------
     11428        508        360         12          0       6852   Library Totals

    ----------------------------------------------------------------------

==============================================================================


      Code (inc. data)   RO Data    RW Data    ZI Data      Debug   

     47248       3802       4188        108       4164     435105   Grand Totals
     47248       3802       4188        108       4164     435105   ELF Image Totals
     47248       3802       4188        108          0          0   ROM Totals

==============================================================================

    Total RO  Size (Code + RO Data)                51436 (  50.23kB)
    Total RW  Size (RW Data + ZI Data)              4272 (   4.17kB)
    Total ROM Size (Code + RO Data + RW Data)      51544 (  50.34kB)

==============================================================================

